127.0.0.1 - - [17/May/2018:15:52:06 +0000] "OPTIONS * HTTP/1.0" 200 126 "-" "Apache/2.4.25 (Debian) PHP/7.2.4 (internal dummy connection)"
172.20.0.1 - - [17/May/2018:17:04:28 +0000] "GET /logging/analog.php HTTP/1.1" 200 4930 "http://localhost:8081/logging/monolog.php" "Mozilla/5.0 (Windows NT 10.0; Win64; x64; rv:61.0) Gecko/20100101 Firefox/61.0"
172.20.0.1 - - [17/May/2018:17:04:28 +0000] "GET /css/bs4.css HTTP/1.1" 200 430 "http://localhost:8081/logging/analog.php" "Mozilla/5.0 (Windows NT 10.0; Win64; x64; rv:61.0) Gecko/20100101 Firefox/61.0"
172.20.0.1 - - [17/May/2018:17:04:28 +0000] "GET /css/widgets.css HTTP/1.1" 200 1732 "http://localhost:8081/logging/analog.php" "Mozilla/5.0 (Windows NT 10.0; Win64; x64; rv:61.0) Gecko/20100101 Firefox/61.0"
172.20.0.1 - - [17/May/2018:17:04:28 +0000] "GET /css/openhandler.css HTTP/1.1" 200 4756 "http://localhost:8081/logging/analog.php" "Mozilla/5.0 (Windows NT 10.0; Win64; x64; rv:61.0) Gecko/20100101 Firefox/61.0"
172.20.0.1 - - [17/May/2018:17:04:28 +0000] "GET /css/debugbar.css HTTP/1.1" 200 2989 "http://localhost:8081/logging/analog.php" "Mozilla/5.0 (Windows NT 10.0; Win64; x64; rv:61.0) Gecko/20100101 Firefox/61.0"
172.20.0.1 - - [17/May/2018:17:04:28 +0000] "GET /css/debugbar.js HTTP/1.1" 200 8052 "http://localhost:8081/logging/analog.php" "Mozilla/5.0 (Windows NT 10.0; Win64; x64; rv:61.0) Gecko/20100101 Firefox/61.0"
172.20.0.1 - - [17/May/2018:17:04:28 +0000] "GET /css/widgets.js HTTP/1.1" 200 4325 "http://localhost:8081/logging/analog.php" "Mozilla/5.0 (Windows NT 10.0; Win64; x64; rv:61.0) Gecko/20100101 Firefox/61.0"
172.20.0.1 - - [17/May/2018:17:04:29 +0000] "GET /css/openhandler.js HTTP/1.1" 200 1934 "http://localhost:8081/logging/analog.php" "Mozilla/5.0 (Windows NT 10.0; Win64; x64; rv:61.0) Gecko/20100101 Firefox/61.0"
172.20.0.1 - - [17/May/2018:17:04:28 +0000] "GET /css/vendor/highlightjs/styles/github.css HTTP/1.1" 200 1003 "http://localhost:8081/logging/analog.php" "Mozilla/5.0 (Windows NT 10.0; Win64; x64; rv:61.0) Gecko/20100101 Firefox/61.0"
127.0.0.1 - - [17/May/2018:17:04:34 +0000] "OPTIONS * HTTP/1.0" 200 126 "-" "Apache/2.4.25 (Debian) PHP/7.2.4 (internal dummy connection)"
172.20.0.1 - - [17/May/2018:17:15:38 +0000] "GET /logging/index.php HTTP/1.1" 200 4777 "http://localhost:8081/logging/analog.php" "Mozilla/5.0 (Windows NT 10.0; Win64; x64; rv:61.0) Gecko/20100101 Firefox/61.0"
172.20.0.1 - - [17/May/2018:17:15:49 +0000] "GET /logging/monolog.php HTTP/1.1" 200 4804 "http://localhost:8081/logging/analog.php" "Mozilla/5.0 (Windows NT 10.0; Win64; x64; rv:61.0) Gecko/20100101 Firefox/61.0"
172.20.0.1 - - [17/May/2018:17:17:22 +0000] "GET /logging/index.php HTTP/1.1" 200 4801 "http://localhost:8081/logging/monolog.php" "Mozilla/5.0 (Windows NT 10.0; Win64; x64; rv:61.0) Gecko/20100101 Firefox/61.0"
172.20.0.1 - - [17/May/2018:17:17:47 +0000] "GET /logging/index.php HTTP/1.1" 200 4801 "http://localhost:8081/logging/index.php" "Mozilla/5.0 (Windows NT 10.0; Win64; x64; rv:61.0) Gecko/20100101 Firefox/61.0"
172.20.0.1 - - [17/May/2018:17:18:04 +0000] "GET /logging/monolog.php HTTP/1.1" 200 4799 "http://localhost:8081/logging/index.php" "Mozilla/5.0 (Windows NT 10.0; Win64; x64; rv:61.0) Gecko/20100101 Firefox/61.0"
172.20.0.1 - - [17/May/2018:17:18:05 +0000] "GET /logging/zend.php HTTP/1.1" 200 4802 "http://localhost:8081/logging/monolog.php" "Mozilla/5.0 (Windows NT 10.0; Win64; x64; rv:61.0) Gecko/20100101 Firefox/61.0"
172.20.0.1 - - [17/May/2018:17:18:32 +0000] "GET /logging/zend.php HTTP/1.1" 200 4798 "http://localhost:8081/logging/zend.php" "Mozilla/5.0 (Windows NT 10.0; Win64; x64; rv:61.0) Gecko/20100101 Firefox/61.0"
172.20.0.1 - - [17/May/2018:17:19:22 +0000] "GET /logging/zend.php HTTP/1.1" 200 4799 "-" "Mozilla/5.0 (Windows NT 10.0; Win64; x64; rv:61.0) Gecko/20100101 Firefox/61.0"
172.20.0.1 - - [17/May/2018:17:19:23 +0000] "GET /css/openhandler.css HTTP/1.1" 200 4756 "http://localhost:8081/logging/zend.php" "Mozilla/5.0 (Windows NT 10.0; Win64; x64; rv:61.0) Gecko/20100101 Firefox/61.0"
172.20.0.1 - - [17/May/2018:17:19:23 +0000] "GET /css/debugbar.css HTTP/1.1" 200 2989 "http://localhost:8081/logging/zend.php" "Mozilla/5.0 (Windows NT 10.0; Win64; x64; rv:61.0) Gecko/20100101 Firefox/61.0"
172.20.0.1 - - [17/May/2018:17:19:23 +0000] "GET /css/bs4.css HTTP/1.1" 200 429 "http://localhost:8081/logging/zend.php" "Mozilla/5.0 (Windows NT 10.0; Win64; x64; rv:61.0) Gecko/20100101 Firefox/61.0"
172.20.0.1 - - [17/May/2018:17:19:23 +0000] "GET /css/widgets.css HTTP/1.1" 200 1732 "http://localhost:8081/logging/zend.php" "Mozilla/5.0 (Windows NT 10.0; Win64; x64; rv:61.0) Gecko/20100101 Firefox/61.0"
172.20.0.1 - - [17/May/2018:17:19:23 +0000] "GET /css/debugbar.js HTTP/1.1" 200 8052 "http://localhost:8081/logging/zend.php" "Mozilla/5.0 (Windows NT 10.0; Win64; x64; rv:61.0) Gecko/20100101 Firefox/61.0"
172.20.0.1 - - [17/May/2018:17:19:23 +0000] "GET /css/widgets.js HTTP/1.1" 200 4325 "http://localhost:8081/logging/zend.php" "Mozilla/5.0 (Windows NT 10.0; Win64; x64; rv:61.0) Gecko/20100101 Firefox/61.0"
172.20.0.1 - - [17/May/2018:17:19:23 +0000] "GET /css/openhandler.js HTTP/1.1" 200 1934 "http://localhost:8081/logging/zend.php" "Mozilla/5.0 (Windows NT 10.0; Win64; x64; rv:61.0) Gecko/20100101 Firefox/61.0"
172.20.0.1 - - [17/May/2018:17:19:23 +0000] "GET /css/vendor/highlightjs/styles/github.css HTTP/1.1" 200 1004 "http://localhost:8081/logging/zend.php" "Mozilla/5.0 (Windows NT 10.0; Win64; x64; rv:61.0) Gecko/20100101 Firefox/61.0"
172.20.0.1 - - [17/May/2018:17:19:24 +0000] "GET / HTTP/1.1" 200 3462 "http://localhost:8081/logging/zend.php" "Mozilla/5.0 (Windows NT 10.0; Win64; x64; rv:61.0) Gecko/20100101 Firefox/61.0"
127.0.0.1 - - [17/May/2018:17:19:30 +0000] "OPTIONS * HTTP/1.0" 200 126 "-" "Apache/2.4.25 (Debian) PHP/7.2.4 (internal dummy connection)"
172.20.0.1 - - [17/May/2018:17:20:27 +0000] "GET /logging/index.php HTTP/1.1" 200 4804 "http://localhost:8081/logging/zend.php" "Mozilla/5.0 (Windows NT 10.0; Win64; x64; rv:61.0) Gecko/20100101 Firefox/61.0"
172.20.0.1 - - [17/May/2018:17:40:35 +0000] "GET /logging/index.php HTTP/1.1" 200 4811 "http://localhost:8081/logging/index.php" "Mozilla/5.0 (Windows NT 10.0; Win64; x64; rv:61.0) Gecko/20100101 Firefox/61.0"
172.20.0.1 - - [17/May/2018:17:40:36 +0000] "GET /css/bs4.css HTTP/1.1" 200 429 "http://localhost:8081/logging/index.php" "Mozilla/5.0 (Windows NT 10.0; Win64; x64; rv:61.0) Gecko/20100101 Firefox/61.0"
172.20.0.1 - - [17/May/2018:17:40:36 +0000] "GET /css/styles/default.css HTTP/1.1" 200 850 "http://localhost:8081/logging/index.php" "Mozilla/5.0 (Windows NT 10.0; Win64; x64; rv:61.0) Gecko/20100101 Firefox/61.0"
172.20.0.1 - - [17/May/2018:17:40:38 +0000] "GET /logging/monolog.php HTTP/1.1" 200 4790 "http://localhost:8081/logging/index.php" "Mozilla/5.0 (Windows NT 10.0; Win64; x64; rv:61.0) Gecko/20100101 Firefox/61.0"
172.20.0.1 - - [17/May/2018:17:40:39 +0000] "GET /css/styles/default.css HTTP/1.1" 200 849 "http://localhost:8081/logging/monolog.php" "Mozilla/5.0 (Windows NT 10.0; Win64; x64; rv:61.0) Gecko/20100101 Firefox/61.0"
172.20.0.1 - - [17/May/2018:17:43:13 +0000] "GET /logging/monolog.php HTTP/1.1" 200 4998 "http://localhost:8081/logging/index.php" "Mozilla/5.0 (Windows NT 10.0; Win64; x64; rv:61.0) Gecko/20100101 Firefox/61.0"
172.20.0.1 - - [17/May/2018:17:43:13 +0000] "GET /css/widgets.css HTTP/1.1" 200 1732 "http://localhost:8081/logging/monolog.php" "Mozilla/5.0 (Windows NT 10.0; Win64; x64; rv:61.0) Gecko/20100101 Firefox/61.0"
172.20.0.1 - - [17/May/2018:17:43:13 +0000] "GET /css/debugbar.css HTTP/1.1" 200 2989 "http://localhost:8081/logging/monolog.php" "Mozilla/5.0 (Windows NT 10.0; Win64; x64; rv:61.0) Gecko/20100101 Firefox/61.0"
172.20.0.1 - - [17/May/2018:17:43:13 +0000] "GET /css/bs4.css HTTP/1.1" 200 429 "http://localhost:8081/logging/monolog.php" "Mozilla/5.0 (Windows NT 10.0; Win64; x64; rv:61.0) Gecko/20100101 Firefox/61.0"
172.20.0.1 - - [17/May/2018:17:43:13 +0000] "GET /css/openhandler.css HTTP/1.1" 200 4756 "http://localhost:8081/logging/monolog.php" "Mozilla/5.0 (Windows NT 10.0; Win64; x64; rv:61.0) Gecko/20100101 Firefox/61.0"
172.20.0.1 - - [17/May/2018:17:43:13 +0000] "GET /css/styles/default.css HTTP/1.1" 200 850 "http://localhost:8081/logging/monolog.php" "Mozilla/5.0 (Windows NT 10.0; Win64; x64; rv:61.0) Gecko/20100101 Firefox/61.0"
172.20.0.1 - - [17/May/2018:17:43:13 +0000] "GET /css/widgets.js HTTP/1.1" 200 4325 "http://localhost:8081/logging/monolog.php" "Mozilla/5.0 (Windows NT 10.0; Win64; x64; rv:61.0) Gecko/20100101 Firefox/61.0"
172.20.0.1 - - [17/May/2018:17:43:13 +0000] "GET /css/debugbar.js HTTP/1.1" 200 8051 "http://localhost:8081/logging/monolog.php" "Mozilla/5.0 (Windows NT 10.0; Win64; x64; rv:61.0) Gecko/20100101 Firefox/61.0"
172.20.0.1 - - [17/May/2018:17:43:13 +0000] "GET /css/openhandler.js HTTP/1.1" 200 1934 "http://localhost:8081/logging/monolog.php" "Mozilla/5.0 (Windows NT 10.0; Win64; x64; rv:61.0) Gecko/20100101 Firefox/61.0"
172.20.0.1 - - [17/May/2018:17:43:13 +0000] "GET /css/vendor/highlightjs/styles/github.css HTTP/1.1" 200 1004 "http://localhost:8081/logging/monolog.php" "Mozilla/5.0 (Windows NT 10.0; Win64; x64; rv:61.0) Gecko/20100101 Firefox/61.0"
127.0.0.1 - - [17/May/2018:17:43:19 +0000] "OPTIONS * HTTP/1.0" 200 126 "-" "Apache/2.4.25 (Debian) PHP/7.2.4 (internal dummy connection)"
172.20.0.1 - - [17/May/2018:17:45:31 +0000] "GET /logging/monolog.php HTTP/1.1" 200 4968 "http://localhost:8081/logging/index.php" "Mozilla/5.0 (Windows NT 10.0; Win64; x64; rv:61.0) Gecko/20100101 Firefox/61.0"
172.20.0.1 - - [17/May/2018:17:45:32 +0000] "GET /css/bs4.css HTTP/1.1" 200 429 "http://localhost:8081/logging/monolog.php" "Mozilla/5.0 (Windows NT 10.0; Win64; x64; rv:61.0) Gecko/20100101 Firefox/61.0"
172.20.0.1 - - [17/May/2018:17:45:32 +0000] "GET /css/debugbar.css HTTP/1.1" 200 2989 "http://localhost:8081/logging/monolog.php" "Mozilla/5.0 (Windows NT 10.0; Win64; x64; rv:61.0) Gecko/20100101 Firefox/61.0"
172.20.0.1 - - [17/May/2018:17:45:32 +0000] "GET /css/widgets.css HTTP/1.1" 200 1732 "http://localhost:8081/logging/monolog.php" "Mozilla/5.0 (Windows NT 10.0; Win64; x64; rv:61.0) Gecko/20100101 Firefox/61.0"
172.20.0.1 - - [17/May/2018:17:45:32 +0000] "GET /css/openhandler.css HTTP/1.1" 200 4756 "http://localhost:8081/logging/monolog.php" "Mozilla/5.0 (Windows NT 10.0; Win64; x64; rv:61.0) Gecko/20100101 Firefox/61.0"
172.20.0.1 - - [17/May/2018:17:45:32 +0000] "GET /css/debugbar.js HTTP/1.1" 200 8051 "http://localhost:8081/logging/monolog.php" "Mozilla/5.0 (Windows NT 10.0; Win64; x64; rv:61.0) Gecko/20100101 Firefox/61.0"
172.20.0.1 - - [17/May/2018:17:45:32 +0000] "GET /css/styles/default.css HTTP/1.1" 200 850 "http://localhost:8081/logging/monolog.php" "Mozilla/5.0 (Windows NT 10.0; Win64; x64; rv:61.0) Gecko/20100101 Firefox/61.0"
172.20.0.1 - - [17/May/2018:17:45:32 +0000] "GET /css/vendor/highlightjs/styles/github.css HTTP/1.1" 200 1004 "http://localhost:8081/logging/monolog.php" "Mozilla/5.0 (Windows NT 10.0; Win64; x64; rv:61.0) Gecko/20100101 Firefox/61.0"
172.20.0.1 - - [17/May/2018:17:45:32 +0000] "GET /css/widgets.js HTTP/1.1" 200 4325 "http://localhost:8081/logging/monolog.php" "Mozilla/5.0 (Windows NT 10.0; Win64; x64; rv:61.0) Gecko/20100101 Firefox/61.0"
172.20.0.1 - - [17/May/2018:17:45:32 +0000] "GET /css/openhandler.js HTTP/1.1" 200 1934 "http://localhost:8081/logging/monolog.php" "Mozilla/5.0 (Windows NT 10.0; Win64; x64; rv:61.0) Gecko/20100101 Firefox/61.0"
127.0.0.1 - - [17/May/2018:17:45:38 +0000] "OPTIONS * HTTP/1.0" 200 126 "-" "Apache/2.4.25 (Debian) PHP/7.2.4 (internal dummy connection)"
172.20.0.1 - - [17/May/2018:18:02:40 +0000] "GET /logging/monolog.php HTTP/1.1" 200 5254 "http://localhost:8081/logging/index.php" "Mozilla/5.0 (Windows NT 10.0; Win64; x64; rv:61.0) Gecko/20100101 Firefox/61.0"
172.20.0.1 - - [17/May/2018:18:02:41 +0000] "GET /css/bs4.css HTTP/1.1" 200 430 "http://localhost:8081/logging/monolog.php" "Mozilla/5.0 (Windows NT 10.0; Win64; x64; rv:61.0) Gecko/20100101 Firefox/61.0"
172.20.0.1 - - [17/May/2018:18:02:41 +0000] "GET /css/widgets.css HTTP/1.1" 200 1732 "http://localhost:8081/logging/monolog.php" "Mozilla/5.0 (Windows NT 10.0; Win64; x64; rv:61.0) Gecko/20100101 Firefox/61.0"
172.20.0.1 - - [17/May/2018:18:02:41 +0000] "GET /css/debugbar.css HTTP/1.1" 200 2989 "http://localhost:8081/logging/monolog.php" "Mozilla/5.0 (Windows NT 10.0; Win64; x64; rv:61.0) Gecko/20100101 Firefox/61.0"
172.20.0.1 - - [17/May/2018:18:02:41 +0000] "GET /css/openhandler.css HTTP/1.1" 200 4756 "http://localhost:8081/logging/monolog.php" "Mozilla/5.0 (Windows NT 10.0; Win64; x64; rv:61.0) Gecko/20100101 Firefox/61.0"
172.20.0.1 - - [17/May/2018:18:02:41 +0000] "GET /css/styles/default.css HTTP/1.1" 200 850 "http://localhost:8081/logging/monolog.php" "Mozilla/5.0 (Windows NT 10.0; Win64; x64; rv:61.0) Gecko/20100101 Firefox/61.0"
172.20.0.1 - - [17/May/2018:18:02:41 +0000] "GET /css/debugbar.js HTTP/1.1" 200 8051 "http://localhost:8081/logging/monolog.php" "Mozilla/5.0 (Windows NT 10.0; Win64; x64; rv:61.0) Gecko/20100101 Firefox/61.0"
172.20.0.1 - - [17/May/2018:18:02:41 +0000] "GET /css/openhandler.js HTTP/1.1" 200 1934 "http://localhost:8081/logging/monolog.php" "Mozilla/5.0 (Windows NT 10.0; Win64; x64; rv:61.0) Gecko/20100101 Firefox/61.0"
172.20.0.1 - - [17/May/2018:18:02:41 +0000] "GET /css/widgets.js HTTP/1.1" 200 4325 "http://localhost:8081/logging/monolog.php" "Mozilla/5.0 (Windows NT 10.0; Win64; x64; rv:61.0) Gecko/20100101 Firefox/61.0"
172.20.0.1 - - [17/May/2018:18:02:41 +0000] "GET /css/vendor/highlightjs/styles/github.css HTTP/1.1" 200 1003 "http://localhost:8081/logging/monolog.php" "Mozilla/5.0 (Windows NT 10.0; Win64; x64; rv:61.0) Gecko/20100101 Firefox/61.0"
127.0.0.1 - - [17/May/2018:18:02:46 +0000] "OPTIONS * HTTP/1.0" 200 126 "-" "Apache/2.4.25 (Debian) PHP/7.2.4 (internal dummy connection)"
172.20.0.1 - - [17/May/2018:18:02:54 +0000] "GET /logging/monolog.php HTTP/1.1" 200 5262 "http://localhost:8081/logging/index.php" "Mozilla/5.0 (Windows NT 10.0; Win64; x64; rv:61.0) Gecko/20100101 Firefox/61.0"
172.20.0.1 - - [17/May/2018:18:02:55 +0000] "GET /css/bs4.css HTTP/1.1" 200 429 "http://localhost:8081/logging/monolog.php" "Mozilla/5.0 (Windows NT 10.0; Win64; x64; rv:61.0) Gecko/20100101 Firefox/61.0"
172.20.0.1 - - [17/May/2018:18:02:55 +0000] "GET /css/debugbar.css HTTP/1.1" 200 2989 "http://localhost:8081/logging/monolog.php" "Mozilla/5.0 (Windows NT 10.0; Win64; x64; rv:61.0) Gecko/20100101 Firefox/61.0"
172.20.0.1 - - [17/May/2018:18:02:55 +0000] "GET /css/widgets.css HTTP/1.1" 200 1732 "http://localhost:8081/logging/monolog.php" "Mozilla/5.0 (Windows NT 10.0; Win64; x64; rv:61.0) Gecko/20100101 Firefox/61.0"
172.20.0.1 - - [17/May/2018:18:02:55 +0000] "GET /css/openhandler.css HTTP/1.1" 200 4756 "http://localhost:8081/logging/monolog.php" "Mozilla/5.0 (Windows NT 10.0; Win64; x64; rv:61.0) Gecko/20100101 Firefox/61.0"
172.20.0.1 - - [17/May/2018:18:02:55 +0000] "GET /css/styles/default.css HTTP/1.1" 200 850 "http://localhost:8081/logging/monolog.php" "Mozilla/5.0 (Windows NT 10.0; Win64; x64; rv:61.0) Gecko/20100101 Firefox/61.0"
172.20.0.1 - - [17/May/2018:18:02:55 +0000] "GET /css/debugbar.js HTTP/1.1" 200 8051 "http://localhost:8081/logging/monolog.php" "Mozilla/5.0 (Windows NT 10.0; Win64; x64; rv:61.0) Gecko/20100101 Firefox/61.0"
172.20.0.1 - - [17/May/2018:18:02:55 +0000] "GET /css/widgets.js HTTP/1.1" 200 4325 "http://localhost:8081/logging/monolog.php" "Mozilla/5.0 (Windows NT 10.0; Win64; x64; rv:61.0) Gecko/20100101 Firefox/61.0"
172.20.0.1 - - [17/May/2018:18:02:55 +0000] "GET /css/openhandler.js HTTP/1.1" 200 1934 "http://localhost:8081/logging/monolog.php" "Mozilla/5.0 (Windows NT 10.0; Win64; x64; rv:61.0) Gecko/20100101 Firefox/61.0"
172.20.0.1 - - [17/May/2018:18:02:55 +0000] "GET /css/vendor/highlightjs/styles/github.css HTTP/1.1" 200 1004 "http://localhost:8081/logging/monolog.php" "Mozilla/5.0 (Windows NT 10.0; Win64; x64; rv:61.0) Gecko/20100101 Firefox/61.0"
127.0.0.1 - - [17/May/2018:18:03:00 +0000] "OPTIONS * HTTP/1.0" 200 126 "-" "Apache/2.4.25 (Debian) PHP/7.2.4 (internal dummy connection)"
172.20.0.1 - - [17/May/2018:18:03:38 +0000] "GET /logging/monolog.php HTTP/1.1" 200 5311 "http://localhost:8081/logging/index.php" "Mozilla/5.0 (Windows NT 10.0; Win64; x64; rv:61.0) Gecko/20100101 Firefox/61.0"
172.20.0.1 - - [17/May/2018:18:03:39 +0000] "GET /css/debugbar.css HTTP/1.1" 200 2989 "http://localhost:8081/logging/monolog.php" "Mozilla/5.0 (Windows NT 10.0; Win64; x64; rv:61.0) Gecko/20100101 Firefox/61.0"
172.20.0.1 - - [17/May/2018:18:03:39 +0000] "GET /css/openhandler.css HTTP/1.1" 200 4756 "http://localhost:8081/logging/monolog.php" "Mozilla/5.0 (Windows NT 10.0; Win64; x64; rv:61.0) Gecko/20100101 Firefox/61.0"
172.20.0.1 - - [17/May/2018:18:03:39 +0000] "GET /css/bs4.css HTTP/1.1" 200 429 "http://localhost:8081/logging/monolog.php" "Mozilla/5.0 (Windows NT 10.0; Win64; x64; rv:61.0) Gecko/20100101 Firefox/61.0"
172.20.0.1 - - [17/May/2018:18:03:39 +0000] "GET /css/widgets.css HTTP/1.1" 200 1732 "http://localhost:8081/logging/monolog.php" "Mozilla/5.0 (Windows NT 10.0; Win64; x64; rv:61.0) Gecko/20100101 Firefox/61.0"
172.20.0.1 - - [17/May/2018:18:03:39 +0000] "GET /css/styles/default.css HTTP/1.1" 200 850 "http://localhost:8081/logging/monolog.php" "Mozilla/5.0 (Windows NT 10.0; Win64; x64; rv:61.0) Gecko/20100101 Firefox/61.0"
172.20.0.1 - - [17/May/2018:18:03:39 +0000] "GET /css/widgets.js HTTP/1.1" 200 4325 "http://localhost:8081/logging/monolog.php" "Mozilla/5.0 (Windows NT 10.0; Win64; x64; rv:61.0) Gecko/20100101 Firefox/61.0"
172.20.0.1 - - [17/May/2018:18:03:39 +0000] "GET /css/debugbar.js HTTP/1.1" 200 8051 "http://localhost:8081/logging/monolog.php" "Mozilla/5.0 (Windows NT 10.0; Win64; x64; rv:61.0) Gecko/20100101 Firefox/61.0"
172.20.0.1 - - [17/May/2018:18:03:39 +0000] "GET /css/openhandler.js HTTP/1.1" 200 1934 "http://localhost:8081/logging/monolog.php" "Mozilla/5.0 (Windows NT 10.0; Win64; x64; rv:61.0) Gecko/20100101 Firefox/61.0"
172.20.0.1 - - [17/May/2018:18:03:39 +0000] "GET /css/vendor/highlightjs/styles/github.css HTTP/1.1" 200 1004 "http://localhost:8081/logging/monolog.php" "Mozilla/5.0 (Windows NT 10.0; Win64; x64; rv:61.0) Gecko/20100101 Firefox/61.0"
127.0.0.1 - - [17/May/2018:18:03:45 +0000] "OPTIONS * HTTP/1.0" 200 126 "-" "Apache/2.4.25 (Debian) PHP/7.2.4 (internal dummy connection)"
172.20.0.1 - - [17/May/2018:18:07:16 +0000] "GET /logging/monolog.php HTTP/1.1" 200 5000 "http://localhost:8081/logging/index.php" "Mozilla/5.0 (Windows NT 10.0; Win64; x64; rv:61.0) Gecko/20100101 Firefox/61.0"
172.20.0.1 - - [17/May/2018:18:07:17 +0000] "GET /css/bs4.css HTTP/1.1" 200 429 "http://localhost:8081/logging/monolog.php" "Mozilla/5.0 (Windows NT 10.0; Win64; x64; rv:61.0) Gecko/20100101 Firefox/61.0"
172.20.0.1 - - [17/May/2018:18:07:17 +0000] "GET /css/debugbar.css HTTP/1.1" 200 2989 "http://localhost:8081/logging/monolog.php" "Mozilla/5.0 (Windows NT 10.0; Win64; x64; rv:61.0) Gecko/20100101 Firefox/61.0"
172.20.0.1 - - [17/May/2018:18:07:17 +0000] "GET /css/widgets.css HTTP/1.1" 200 1732 "http://localhost:8081/logging/monolog.php" "Mozilla/5.0 (Windows NT 10.0; Win64; x64; rv:61.0) Gecko/20100101 Firefox/61.0"
172.20.0.1 - - [17/May/2018:18:07:17 +0000] "GET /css/openhandler.css HTTP/1.1" 200 4756 "http://localhost:8081/logging/monolog.php" "Mozilla/5.0 (Windows NT 10.0; Win64; x64; rv:61.0) Gecko/20100101 Firefox/61.0"
172.20.0.1 - - [17/May/2018:18:07:17 +0000] "GET /css/styles/default.css HTTP/1.1" 200 850 "http://localhost:8081/logging/monolog.php" "Mozilla/5.0 (Windows NT 10.0; Win64; x64; rv:61.0) Gecko/20100101 Firefox/61.0"
172.20.0.1 - - [17/May/2018:18:07:17 +0000] "GET /css/openhandler.js HTTP/1.1" 200 1934 "http://localhost:8081/logging/monolog.php" "Mozilla/5.0 (Windows NT 10.0; Win64; x64; rv:61.0) Gecko/20100101 Firefox/61.0"
172.20.0.1 - - [17/May/2018:18:07:17 +0000] "GET /css/widgets.js HTTP/1.1" 200 4325 "http://localhost:8081/logging/monolog.php" "Mozilla/5.0 (Windows NT 10.0; Win64; x64; rv:61.0) Gecko/20100101 Firefox/61.0"
172.20.0.1 - - [17/May/2018:18:07:17 +0000] "GET /css/debugbar.js HTTP/1.1" 200 8051 "http://localhost:8081/logging/monolog.php" "Mozilla/5.0 (Windows NT 10.0; Win64; x64; rv:61.0) Gecko/20100101 Firefox/61.0"
172.20.0.1 - - [17/May/2018:18:07:17 +0000] "GET /css/vendor/highlightjs/styles/github.css HTTP/1.1" 200 1004 "http://localhost:8081/logging/monolog.php" "Mozilla/5.0 (Windows NT 10.0; Win64; x64; rv:61.0) Gecko/20100101 Firefox/61.0"
127.0.0.1 - - [17/May/2018:18:07:22 +0000] "OPTIONS * HTTP/1.0" 200 126 "-" "Apache/2.4.25 (Debian) PHP/7.2.4 (internal dummy connection)"
172.20.0.1 - - [17/May/2018:18:07:35 +0000] "GET /logging/monolog.php HTTP/1.1" 200 5011 "http://localhost:8081/logging/index.php" "Mozilla/5.0 (Windows NT 10.0; Win64; x64; rv:61.0) Gecko/20100101 Firefox/61.0"
172.20.0.1 - - [17/May/2018:18:07:36 +0000] "GET /css/bs4.css HTTP/1.1" 200 430 "http://localhost:8081/logging/monolog.php" "Mozilla/5.0 (Windows NT 10.0; Win64; x64; rv:61.0) Gecko/20100101 Firefox/61.0"
172.20.0.1 - - [17/May/2018:18:07:36 +0000] "GET /css/openhandler.css HTTP/1.1" 200 4756 "http://localhost:8081/logging/monolog.php" "Mozilla/5.0 (Windows NT 10.0; Win64; x64; rv:61.0) Gecko/20100101 Firefox/61.0"
172.20.0.1 - - [17/May/2018:18:07:36 +0000] "GET /css/debugbar.css HTTP/1.1" 200 2989 "http://localhost:8081/logging/monolog.php" "Mozilla/5.0 (Windows NT 10.0; Win64; x64; rv:61.0) Gecko/20100101 Firefox/61.0"
172.20.0.1 - - [17/May/2018:18:07:36 +0000] "GET /css/widgets.css HTTP/1.1" 200 1732 "http://localhost:8081/logging/monolog.php" "Mozilla/5.0 (Windows NT 10.0; Win64; x64; rv:61.0) Gecko/20100101 Firefox/61.0"
172.20.0.1 - - [17/May/2018:18:07:36 +0000] "GET /css/styles/default.css HTTP/1.1" 200 850 "http://localhost:8081/logging/monolog.php" "Mozilla/5.0 (Windows NT 10.0; Win64; x64; rv:61.0) Gecko/20100101 Firefox/61.0"
172.20.0.1 - - [17/May/2018:18:07:36 +0000] "GET /css/debugbar.js HTTP/1.1" 200 8051 "http://localhost:8081/logging/monolog.php" "Mozilla/5.0 (Windows NT 10.0; Win64; x64; rv:61.0) Gecko/20100101 Firefox/61.0"
172.20.0.1 - - [17/May/2018:18:07:36 +0000] "GET /css/widgets.js HTTP/1.1" 200 4325 "http://localhost:8081/logging/monolog.php" "Mozilla/5.0 (Windows NT 10.0; Win64; x64; rv:61.0) Gecko/20100101 Firefox/61.0"
172.20.0.1 - - [17/May/2018:18:07:36 +0000] "GET /css/vendor/highlightjs/styles/github.css HTTP/1.1" 200 1003 "http://localhost:8081/logging/monolog.php" "Mozilla/5.0 (Windows NT 10.0; Win64; x64; rv:61.0) Gecko/20100101 Firefox/61.0"
172.20.0.1 - - [17/May/2018:18:07:36 +0000] "GET /css/openhandler.js HTTP/1.1" 200 1934 "http://localhost:8081/logging/monolog.php" "Mozilla/5.0 (Windows NT 10.0; Win64; x64; rv:61.0) Gecko/20100101 Firefox/61.0"
127.0.0.1 - - [17/May/2018:18:07:42 +0000] "OPTIONS * HTTP/1.0" 200 126 "-" "Apache/2.4.25 (Debian) PHP/7.2.4 (internal dummy connection)"
172.20.0.1 - - [17/May/2018:18:08:26 +0000] "GET /logging/monolog.php HTTP/1.1" 200 5015 "http://localhost:8081/logging/index.php" "Mozilla/5.0 (Windows NT 10.0; Win64; x64; rv:61.0) Gecko/20100101 Firefox/61.0"
172.20.0.1 - - [17/May/2018:18:08:26 +0000] "GET /css/bs4.css HTTP/1.1" 200 430 "http://localhost:8081/logging/monolog.php" "Mozilla/5.0 (Windows NT 10.0; Win64; x64; rv:61.0) Gecko/20100101 Firefox/61.0"
172.20.0.1 - - [17/May/2018:18:08:26 +0000] "GET /css/openhandler.css HTTP/1.1" 200 4756 "http://localhost:8081/logging/monolog.php" "Mozilla/5.0 (Windows NT 10.0; Win64; x64; rv:61.0) Gecko/20100101 Firefox/61.0"
172.20.0.1 - - [17/May/2018:18:08:26 +0000] "GET /css/debugbar.css HTTP/1.1" 200 2989 "http://localhost:8081/logging/monolog.php" "Mozilla/5.0 (Windows NT 10.0; Win64; x64; rv:61.0) Gecko/20100101 Firefox/61.0"
172.20.0.1 - - [17/May/2018:18:08:26 +0000] "GET /css/widgets.css HTTP/1.1" 200 1732 "http://localhost:8081/logging/monolog.php" "Mozilla/5.0 (Windows NT 10.0; Win64; x64; rv:61.0) Gecko/20100101 Firefox/61.0"
172.20.0.1 - - [17/May/2018:18:08:26 +0000] "GET /css/debugbar.js HTTP/1.1" 200 8051 "http://localhost:8081/logging/monolog.php" "Mozilla/5.0 (Windows NT 10.0; Win64; x64; rv:61.0) Gecko/20100101 Firefox/61.0"
172.20.0.1 - - [17/May/2018:18:08:26 +0000] "GET /css/styles/default.css HTTP/1.1" 200 850 "http://localhost:8081/logging/monolog.php" "Mozilla/5.0 (Windows NT 10.0; Win64; x64; rv:61.0) Gecko/20100101 Firefox/61.0"
172.20.0.1 - - [17/May/2018:18:08:26 +0000] "GET /css/vendor/highlightjs/styles/github.css HTTP/1.1" 200 1003 "http://localhost:8081/logging/monolog.php" "Mozilla/5.0 (Windows NT 10.0; Win64; x64; rv:61.0) Gecko/20100101 Firefox/61.0"
172.20.0.1 - - [17/May/2018:18:08:26 +0000] "GET /css/openhandler.js HTTP/1.1" 200 1934 "http://localhost:8081/logging/monolog.php" "Mozilla/5.0 (Windows NT 10.0; Win64; x64; rv:61.0) Gecko/20100101 Firefox/61.0"
172.20.0.1 - - [17/May/2018:18:08:26 +0000] "GET /css/widgets.js HTTP/1.1" 200 4325 "http://localhost:8081/logging/monolog.php" "Mozilla/5.0 (Windows NT 10.0; Win64; x64; rv:61.0) Gecko/20100101 Firefox/61.0"
127.0.0.1 - - [17/May/2018:18:08:32 +0000] "OPTIONS * HTTP/1.0" 200 126 "-" "Apache/2.4.25 (Debian) PHP/7.2.4 (internal dummy connection)"
172.20.0.1 - - [17/May/2018:18:09:57 +0000] "GET /logging/monolog.php HTTP/1.1" 200 5333 "http://localhost:8081/logging/index.php" "Mozilla/5.0 (Windows NT 10.0; Win64; x64; rv:61.0) Gecko/20100101 Firefox/61.0"
172.20.0.1 - - [17/May/2018:18:09:57 +0000] "GET /css/bs4.css HTTP/1.1" 200 429 "http://localhost:8081/logging/monolog.php" "Mozilla/5.0 (Windows NT 10.0; Win64; x64; rv:61.0) Gecko/20100101 Firefox/61.0"
172.20.0.1 - - [17/May/2018:18:09:57 +0000] "GET /css/widgets.css HTTP/1.1" 200 1732 "http://localhost:8081/logging/monolog.php" "Mozilla/5.0 (Windows NT 10.0; Win64; x64; rv:61.0) Gecko/20100101 Firefox/61.0"
172.20.0.1 - - [17/May/2018:18:09:57 +0000] "GET /css/debugbar.css HTTP/1.1" 200 2989 "http://localhost:8081/logging/monolog.php" "Mozilla/5.0 (Windows NT 10.0; Win64; x64; rv:61.0) Gecko/20100101 Firefox/61.0"
172.20.0.1 - - [17/May/2018:18:09:58 +0000] "GET /css/openhandler.css HTTP/1.1" 200 4756 "http://localhost:8081/logging/monolog.php" "Mozilla/5.0 (Windows NT 10.0; Win64; x64; rv:61.0) Gecko/20100101 Firefox/61.0"
172.20.0.1 - - [17/May/2018:18:09:57 +0000] "GET /css/styles/default.css HTTP/1.1" 200 850 "http://localhost:8081/logging/monolog.php" "Mozilla/5.0 (Windows NT 10.0; Win64; x64; rv:61.0) Gecko/20100101 Firefox/61.0"
172.20.0.1 - - [17/May/2018:18:09:58 +0000] "GET /css/debugbar.js HTTP/1.1" 200 8051 "http://localhost:8081/logging/monolog.php" "Mozilla/5.0 (Windows NT 10.0; Win64; x64; rv:61.0) Gecko/20100101 Firefox/61.0"
172.20.0.1 - - [17/May/2018:18:09:58 +0000] "GET /css/openhandler.js HTTP/1.1" 200 1934 "http://localhost:8081/logging/monolog.php" "Mozilla/5.0 (Windows NT 10.0; Win64; x64; rv:61.0) Gecko/20100101 Firefox/61.0"
172.20.0.1 - - [17/May/2018:18:09:58 +0000] "GET /css/widgets.js HTTP/1.1" 200 4325 "http://localhost:8081/logging/monolog.php" "Mozilla/5.0 (Windows NT 10.0; Win64; x64; rv:61.0) Gecko/20100101 Firefox/61.0"
172.20.0.1 - - [17/May/2018:18:09:57 +0000] "GET /css/vendor/highlightjs/styles/github.css HTTP/1.1" 200 1004 "http://localhost:8081/logging/monolog.php" "Mozilla/5.0 (Windows NT 10.0; Win64; x64; rv:61.0) Gecko/20100101 Firefox/61.0"
127.0.0.1 - - [17/May/2018:18:10:03 +0000] "OPTIONS * HTTP/1.0" 200 126 "-" "Apache/2.4.25 (Debian) PHP/7.2.4 (internal dummy connection)"
172.20.0.1 - - [17/May/2018:18:10:08 +0000] "GET /logging/monolog.php HTTP/1.1" 200 5337 "http://localhost:8081/logging/index.php" "Mozilla/5.0 (Windows NT 10.0; Win64; x64; rv:61.0) Gecko/20100101 Firefox/61.0"
172.20.0.1 - - [17/May/2018:18:10:09 +0000] "GET /css/debugbar.css HTTP/1.1" 200 2988 "http://localhost:8081/logging/monolog.php" "Mozilla/5.0 (Windows NT 10.0; Win64; x64; rv:61.0) Gecko/20100101 Firefox/61.0"
172.20.0.1 - - [17/May/2018:18:10:09 +0000] "GET /css/openhandler.css HTTP/1.1" 200 4756 "http://localhost:8081/logging/monolog.php" "Mozilla/5.0 (Windows NT 10.0; Win64; x64; rv:61.0) Gecko/20100101 Firefox/61.0"
172.20.0.1 - - [17/May/2018:18:10:09 +0000] "GET /css/bs4.css HTTP/1.1" 200 430 "http://localhost:8081/logging/monolog.php" "Mozilla/5.0 (Windows NT 10.0; Win64; x64; rv:61.0) Gecko/20100101 Firefox/61.0"
172.20.0.1 - - [17/May/2018:18:10:09 +0000] "GET /css/widgets.css HTTP/1.1" 200 1732 "http://localhost:8081/logging/monolog.php" "Mozilla/5.0 (Windows NT 10.0; Win64; x64; rv:61.0) Gecko/20100101 Firefox/61.0"
172.20.0.1 - - [17/May/2018:18:10:09 +0000] "GET /css/styles/default.css HTTP/1.1" 200 850 "http://localhost:8081/logging/monolog.php" "Mozilla/5.0 (Windows NT 10.0; Win64; x64; rv:61.0) Gecko/20100101 Firefox/61.0"
172.20.0.1 - - [17/May/2018:18:10:09 +0000] "GET /css/debugbar.js HTTP/1.1" 200 8051 "http://localhost:8081/logging/monolog.php" "Mozilla/5.0 (Windows NT 10.0; Win64; x64; rv:61.0) Gecko/20100101 Firefox/61.0"
172.20.0.1 - - [17/May/2018:18:10:09 +0000] "GET /css/widgets.js HTTP/1.1" 200 4325 "http://localhost:8081/logging/monolog.php" "Mozilla/5.0 (Windows NT 10.0; Win64; x64; rv:61.0) Gecko/20100101 Firefox/61.0"
172.20.0.1 - - [17/May/2018:18:10:09 +0000] "GET /css/openhandler.js HTTP/1.1" 200 1934 "http://localhost:8081/logging/monolog.php" "Mozilla/5.0 (Windows NT 10.0; Win64; x64; rv:61.0) Gecko/20100101 Firefox/61.0"
172.20.0.1 - - [17/May/2018:18:10:09 +0000] "GET /css/vendor/highlightjs/styles/github.css HTTP/1.1" 200 1004 "http://localhost:8081/logging/monolog.php" "Mozilla/5.0 (Windows NT 10.0; Win64; x64; rv:61.0) Gecko/20100101 Firefox/61.0"
127.0.0.1 - - [17/May/2018:18:10:14 +0000] "OPTIONS * HTTP/1.0" 200 126 "-" "Apache/2.4.25 (Debian) PHP/7.2.4 (internal dummy connection)"
172.20.0.1 - - [17/May/2018:18:47:58 +0000] "GET /logging/index.php HTTP/1.1" 200 1521 "http://localhost:8081/logging/monolog.php" "Mozilla/5.0 (Windows NT 10.0; Win64; x64; rv:61.0) Gecko/20100101 Firefox/61.0"
172.20.0.1 - - [17/May/2018:18:48:56 +0000] "GET /logging/index.php HTTP/1.1" 200 4857 "http://localhost:8081/logging/monolog.php" "Mozilla/5.0 (Windows NT 10.0; Win64; x64; rv:61.0) Gecko/20100101 Firefox/61.0"
172.20.0.1 - - [17/May/2018:18:48:56 +0000] "GET /css/widgets.css HTTP/1.1" 200 1732 "http://localhost:8081/logging/index.php" "Mozilla/5.0 (Windows NT 10.0; Win64; x64; rv:61.0) Gecko/20100101 Firefox/61.0"
172.20.0.1 - - [17/May/2018:18:48:56 +0000] "GET /css/openhandler.css HTTP/1.1" 200 4756 "http://localhost:8081/logging/index.php" "Mozilla/5.0 (Windows NT 10.0; Win64; x64; rv:61.0) Gecko/20100101 Firefox/61.0"
172.20.0.1 - - [17/May/2018:18:48:56 +0000] "GET /css/bs4.css HTTP/1.1" 200 429 "http://localhost:8081/logging/index.php" "Mozilla/5.0 (Windows NT 10.0; Win64; x64; rv:61.0) Gecko/20100101 Firefox/61.0"
172.20.0.1 - - [17/May/2018:18:48:56 +0000] "GET /css/debugbar.css HTTP/1.1" 200 2989 "http://localhost:8081/logging/index.php" "Mozilla/5.0 (Windows NT 10.0; Win64; x64; rv:61.0) Gecko/20100101 Firefox/61.0"
172.20.0.1 - - [17/May/2018:18:48:56 +0000] "GET /css/styles/default.css HTTP/1.1" 200 850 "http://localhost:8081/logging/index.php" "Mozilla/5.0 (Windows NT 10.0; Win64; x64; rv:61.0) Gecko/20100101 Firefox/61.0"
172.20.0.1 - - [17/May/2018:18:48:57 +0000] "GET /css/debugbar.js HTTP/1.1" 200 8051 "http://localhost:8081/logging/index.php" "Mozilla/5.0 (Windows NT 10.0; Win64; x64; rv:61.0) Gecko/20100101 Firefox/61.0"
172.20.0.1 - - [17/May/2018:18:48:57 +0000] "GET /css/widgets.js HTTP/1.1" 200 4325 "http://localhost:8081/logging/index.php" "Mozilla/5.0 (Windows NT 10.0; Win64; x64; rv:61.0) Gecko/20100101 Firefox/61.0"
172.20.0.1 - - [17/May/2018:18:48:57 +0000] "GET /css/openhandler.js HTTP/1.1" 200 1934 "http://localhost:8081/logging/index.php" "Mozilla/5.0 (Windows NT 10.0; Win64; x64; rv:61.0) Gecko/20100101 Firefox/61.0"
172.20.0.1 - - [17/May/2018:18:48:56 +0000] "GET /css/vendor/highlightjs/styles/github.css HTTP/1.1" 200 1004 "http://localhost:8081/logging/index.php" "Mozilla/5.0 (Windows NT 10.0; Win64; x64; rv:61.0) Gecko/20100101 Firefox/61.0"
127.0.0.1 - - [17/May/2018:18:49:03 +0000] "OPTIONS * HTTP/1.0" 200 126 "-" "Apache/2.4.25 (Debian) PHP/7.2.4 (internal dummy connection)"
172.20.0.1 - - [17/May/2018:18:49:46 +0000] "GET /logging/index.php HTTP/1.1" 200 4855 "http://localhost:8081/logging/monolog.php" "Mozilla/5.0 (Windows NT 10.0; Win64; x64; rv:61.0) Gecko/20100101 Firefox/61.0"
172.20.0.1 - - [17/May/2018:18:49:47 +0000] "GET /css/widgets.css HTTP/1.1" 200 1732 "http://localhost:8081/logging/index.php" "Mozilla/5.0 (Windows NT 10.0; Win64; x64; rv:61.0) Gecko/20100101 Firefox/61.0"
172.20.0.1 - - [17/May/2018:18:49:47 +0000] "GET /css/bs4.css HTTP/1.1" 200 429 "http://localhost:8081/logging/index.php" "Mozilla/5.0 (Windows NT 10.0; Win64; x64; rv:61.0) Gecko/20100101 Firefox/61.0"
172.20.0.1 - - [17/May/2018:18:49:47 +0000] "GET /css/debugbar.css HTTP/1.1" 200 2989 "http://localhost:8081/logging/index.php" "Mozilla/5.0 (Windows NT 10.0; Win64; x64; rv:61.0) Gecko/20100101 Firefox/61.0"
172.20.0.1 - - [17/May/2018:18:49:47 +0000] "GET /css/vendor/highlightjs/styles/github.css HTTP/1.1" 200 1004 "http://localhost:8081/logging/index.php" "Mozilla/5.0 (Windows NT 10.0; Win64; x64; rv:61.0) Gecko/20100101 Firefox/61.0"
172.20.0.1 - - [17/May/2018:18:49:49 +0000] "GET /logging/index.php HTTP/1.1" 200 4870 "http://localhost:8081/logging/monolog.php" "Mozilla/5.0 (Windows NT 10.0; Win64; x64; rv:61.0) Gecko/20100101 Firefox/61.0"
172.20.0.1 - - [17/May/2018:18:49:50 +0000] "GET /css/debugbar.css HTTP/1.1" 200 2989 "http://localhost:8081/logging/index.php" "Mozilla/5.0 (Windows NT 10.0; Win64; x64; rv:61.0) Gecko/20100101 Firefox/61.0"
172.20.0.1 - - [17/May/2018:18:49:50 +0000] "GET /css/widgets.css HTTP/1.1" 200 1732 "http://localhost:8081/logging/index.php" "Mozilla/5.0 (Windows NT 10.0; Win64; x64; rv:61.0) Gecko/20100101 Firefox/61.0"
172.20.0.1 - - [17/May/2018:18:49:50 +0000] "GET /css/bs4.css HTTP/1.1" 200 430 "http://localhost:8081/logging/index.php" "Mozilla/5.0 (Windows NT 10.0; Win64; x64; rv:61.0) Gecko/20100101 Firefox/61.0"
172.20.0.1 - - [17/May/2018:18:49:50 +0000] "GET /css/openhandler.css HTTP/1.1" 200 4756 "http://localhost:8081/logging/index.php" "Mozilla/5.0 (Windows NT 10.0; Win64; x64; rv:61.0) Gecko/20100101 Firefox/61.0"
172.20.0.1 - - [17/May/2018:18:49:50 +0000] "GET /css/styles/default.css HTTP/1.1" 200 850 "http://localhost:8081/logging/index.php" "Mozilla/5.0 (Windows NT 10.0; Win64; x64; rv:61.0) Gecko/20100101 Firefox/61.0"
172.20.0.1 - - [17/May/2018:18:49:50 +0000] "GET /css/openhandler.js HTTP/1.1" 200 1934 "http://localhost:8081/logging/index.php" "Mozilla/5.0 (Windows NT 10.0; Win64; x64; rv:61.0) Gecko/20100101 Firefox/61.0"
172.20.0.1 - - [17/May/2018:18:49:50 +0000] "GET /css/vendor/highlightjs/styles/github.css HTTP/1.1" 200 1003 "http://localhost:8081/logging/index.php" "Mozilla/5.0 (Windows NT 10.0; Win64; x64; rv:61.0) Gecko/20100101 Firefox/61.0"
172.20.0.1 - - [17/May/2018:18:49:50 +0000] "GET /css/widgets.js HTTP/1.1" 200 4325 "http://localhost:8081/logging/index.php" "Mozilla/5.0 (Windows NT 10.0; Win64; x64; rv:61.0) Gecko/20100101 Firefox/61.0"
172.20.0.1 - - [17/May/2018:18:49:50 +0000] "GET /css/debugbar.js HTTP/1.1" 200 8051 "http://localhost:8081/logging/index.php" "Mozilla/5.0 (Windows NT 10.0; Win64; x64; rv:61.0) Gecko/20100101 Firefox/61.0"
127.0.0.1 - - [17/May/2018:18:49:56 +0000] "OPTIONS * HTTP/1.0" 200 126 "-" "Apache/2.4.25 (Debian) PHP/7.2.4 (internal dummy connection)"
172.20.0.1 - - [17/May/2018:18:51:04 +0000] "GET /logging/monolog.php HTTP/1.1" 200 5366 "http://localhost:8081/logging/index.php" "Mozilla/5.0 (Windows NT 10.0; Win64; x64; rv:61.0) Gecko/20100101 Firefox/61.0"
172.20.0.1 - - [17/May/2018:18:51:05 +0000] "GET /css/bs4.css HTTP/1.1" 200 429 "http://localhost:8081/logging/monolog.php" "Mozilla/5.0 (Windows NT 10.0; Win64; x64; rv:61.0) Gecko/20100101 Firefox/61.0"
172.20.0.1 - - [17/May/2018:18:51:05 +0000] "GET /css/vendor/highlightjs/styles/github.css HTTP/1.1" 200 1004 "http://localhost:8081/logging/monolog.php" "Mozilla/5.0 (Windows NT 10.0; Win64; x64; rv:61.0) Gecko/20100101 Firefox/61.0"
172.20.0.1 - - [17/May/2018:18:51:14 +0000] "GET /logging/zend.php HTTP/1.1" 200 4845 "http://localhost:8081/logging/monolog.php" "Mozilla/5.0 (Windows NT 10.0; Win64; x64; rv:61.0) Gecko/20100101 Firefox/61.0"
172.20.0.1 - - [17/May/2018:18:51:14 +0000] "GET /css/bs4.css HTTP/1.1" 200 429 "http://localhost:8081/logging/zend.php" "Mozilla/5.0 (Windows NT 10.0; Win64; x64; rv:61.0) Gecko/20100101 Firefox/61.0"
172.20.0.1 - - [17/May/2018:18:51:21 +0000] "GET /logging/monolog.php HTTP/1.1" 200 5363 "http://localhost:8081/logging/zend.php" "Mozilla/5.0 (Windows NT 10.0; Win64; x64; rv:61.0) Gecko/20100101 Firefox/61.0"
172.20.0.1 - - [17/May/2018:18:51:21 +0000] "GET /css/bs4.css HTTP/1.1" 200 429 "http://localhost:8081/logging/monolog.php" "Mozilla/5.0 (Windows NT 10.0; Win64; x64; rv:61.0) Gecko/20100101 Firefox/61.0"
172.20.0.1 - - [17/May/2018:18:53:01 +0000] "GET /logging/monolog.php HTTP/1.1" 200 5371 "http://localhost:8081/logging/zend.php" "Mozilla/5.0 (Windows NT 10.0; Win64; x64; rv:61.0) Gecko/20100101 Firefox/61.0"
172.20.0.1 - - [17/May/2018:18:53:02 +0000] "GET /css/bs4.css HTTP/1.1" 200 429 "http://localhost:8081/logging/monolog.php" "Mozilla/5.0 (Windows NT 10.0; Win64; x64; rv:61.0) Gecko/20100101 Firefox/61.0"
172.20.0.1 - - [17/May/2018:18:53:02 +0000] "GET /css/widgets.css HTTP/1.1" 200 1732 "http://localhost:8081/logging/monolog.php" "Mozilla/5.0 (Windows NT 10.0; Win64; x64; rv:61.0) Gecko/20100101 Firefox/61.0"
172.20.0.1 - - [17/May/2018:18:53:02 +0000] "GET /css/debugbar.css HTTP/1.1" 200 2989 "http://localhost:8081/logging/monolog.php" "Mozilla/5.0 (Windows NT 10.0; Win64; x64; rv:61.0) Gecko/20100101 Firefox/61.0"
172.20.0.1 - - [17/May/2018:18:53:02 +0000] "GET /css/openhandler.css HTTP/1.1" 200 4756 "http://localhost:8081/logging/monolog.php" "Mozilla/5.0 (Windows NT 10.0; Win64; x64; rv:61.0) Gecko/20100101 Firefox/61.0"
172.20.0.1 - - [17/May/2018:18:53:02 +0000] "GET /css/debugbar.js HTTP/1.1" 200 8051 "http://localhost:8081/logging/monolog.php" "Mozilla/5.0 (Windows NT 10.0; Win64; x64; rv:61.0) Gecko/20100101 Firefox/61.0"
172.20.0.1 - - [17/May/2018:18:53:02 +0000] "GET /css/styles/default.css HTTP/1.1" 200 850 "http://localhost:8081/logging/monolog.php" "Mozilla/5.0 (Windows NT 10.0; Win64; x64; rv:61.0) Gecko/20100101 Firefox/61.0"
172.20.0.1 - - [17/May/2018:18:53:02 +0000] "GET /css/widgets.js HTTP/1.1" 200 4325 "http://localhost:8081/logging/monolog.php" "Mozilla/5.0 (Windows NT 10.0; Win64; x64; rv:61.0) Gecko/20100101 Firefox/61.0"
172.20.0.1 - - [17/May/2018:18:53:02 +0000] "GET /css/vendor/highlightjs/styles/github.css HTTP/1.1" 200 1004 "http://localhost:8081/logging/monolog.php" "Mozilla/5.0 (Windows NT 10.0; Win64; x64; rv:61.0) Gecko/20100101 Firefox/61.0"
172.20.0.1 - - [17/May/2018:18:53:02 +0000] "GET /css/openhandler.js HTTP/1.1" 200 1934 "http://localhost:8081/logging/monolog.php" "Mozilla/5.0 (Windows NT 10.0; Win64; x64; rv:61.0) Gecko/20100101 Firefox/61.0"
127.0.0.1 - - [17/May/2018:18:53:08 +0000] "OPTIONS * HTTP/1.0" 200 126 "-" "Apache/2.4.25 (Debian) PHP/7.2.4 (internal dummy connection)"
172.20.0.1 - - [17/May/2018:19:03:49 +0000] "GET /logging/monolog.php HTTP/1.1" 200 5374 "http://localhost:8081/logging/zend.php" "Mozilla/5.0 (Windows NT 10.0; Win64; x64; rv:61.0) Gecko/20100101 Firefox/61.0"
172.20.0.1 - - [17/May/2018:19:03:49 +0000] "GET /css/bs4.css HTTP/1.1" 200 429 "http://localhost:8081/logging/monolog.php" "Mozilla/5.0 (Windows NT 10.0; Win64; x64; rv:61.0) Gecko/20100101 Firefox/61.0"
172.20.0.1 - - [17/May/2018:19:03:49 +0000] "GET /css/widgets.css HTTP/1.1" 200 1732 "http://localhost:8081/logging/monolog.php" "Mozilla/5.0 (Windows NT 10.0; Win64; x64; rv:61.0) Gecko/20100101 Firefox/61.0"
172.20.0.1 - - [17/May/2018:19:03:49 +0000] "GET /css/debugbar.css HTTP/1.1" 200 2989 "http://localhost:8081/logging/monolog.php" "Mozilla/5.0 (Windows NT 10.0; Win64; x64; rv:61.0) Gecko/20100101 Firefox/61.0"
172.20.0.1 - - [17/May/2018:19:03:49 +0000] "GET /css/openhandler.css HTTP/1.1" 200 4756 "http://localhost:8081/logging/monolog.php" "Mozilla/5.0 (Windows NT 10.0; Win64; x64; rv:61.0) Gecko/20100101 Firefox/61.0"
172.20.0.1 - - [17/May/2018:19:03:49 +0000] "GET /css/styles/default.css HTTP/1.1" 200 850 "http://localhost:8081/logging/monolog.php" "Mozilla/5.0 (Windows NT 10.0; Win64; x64; rv:61.0) Gecko/20100101 Firefox/61.0"
172.20.0.1 - - [17/May/2018:19:03:50 +0000] "GET /css/debugbar.js HTTP/1.1" 200 8051 "http://localhost:8081/logging/monolog.php" "Mozilla/5.0 (Windows NT 10.0; Win64; x64; rv:61.0) Gecko/20100101 Firefox/61.0"
172.20.0.1 - - [17/May/2018:19:03:50 +0000] "GET /css/openhandler.js HTTP/1.1" 200 1934 "http://localhost:8081/logging/monolog.php" "Mozilla/5.0 (Windows NT 10.0; Win64; x64; rv:61.0) Gecko/20100101 Firefox/61.0"
172.20.0.1 - - [17/May/2018:19:03:50 +0000] "GET /css/widgets.js HTTP/1.1" 200 4325 "http://localhost:8081/logging/monolog.php" "Mozilla/5.0 (Windows NT 10.0; Win64; x64; rv:61.0) Gecko/20100101 Firefox/61.0"
172.20.0.1 - - [17/May/2018:19:03:49 +0000] "GET /css/vendor/highlightjs/styles/github.css HTTP/1.1" 200 1004 "http://localhost:8081/logging/monolog.php" "Mozilla/5.0 (Windows NT 10.0; Win64; x64; rv:61.0) Gecko/20100101 Firefox/61.0"
127.0.0.1 - - [17/May/2018:19:03:55 +0000] "OPTIONS * HTTP/1.0" 200 126 "-" "Apache/2.4.25 (Debian) PHP/7.2.4 (internal dummy connection)"
127.0.0.1 - - [17/May/2018:19:03:56 +0000] "OPTIONS * HTTP/1.0" 200 126 "-" "Apache/2.4.25 (Debian) PHP/7.2.4 (internal dummy connection)"
172.20.0.1 - - [17/May/2018:19:04:02 +0000] "GET /logging/index.php HTTP/1.1" 200 4867 "http://localhost:8081/logging/monolog.php" "Mozilla/5.0 (Windows NT 10.0; Win64; x64; rv:61.0) Gecko/20100101 Firefox/61.0"
172.20.0.1 - - [17/May/2018:19:04:02 +0000] "GET /css/bs4.css HTTP/1.1" 200 429 "http://localhost:8081/logging/index.php" "Mozilla/5.0 (Windows NT 10.0; Win64; x64; rv:61.0) Gecko/20100101 Firefox/61.0"
172.20.0.1 - - [17/May/2018:19:04:02 +0000] "GET /css/debugbar.css HTTP/1.1" 200 2989 "http://localhost:8081/logging/index.php" "Mozilla/5.0 (Windows NT 10.0; Win64; x64; rv:61.0) Gecko/20100101 Firefox/61.0"
172.20.0.1 - - [17/May/2018:19:04:02 +0000] "GET /css/widgets.css HTTP/1.1" 200 1732 "http://localhost:8081/logging/index.php" "Mozilla/5.0 (Windows NT 10.0; Win64; x64; rv:61.0) Gecko/20100101 Firefox/61.0"
172.20.0.1 - - [17/May/2018:19:04:02 +0000] "GET /css/openhandler.css HTTP/1.1" 200 4756 "http://localhost:8081/logging/index.php" "Mozilla/5.0 (Windows NT 10.0; Win64; x64; rv:61.0) Gecko/20100101 Firefox/61.0"
172.20.0.1 - - [17/May/2018:19:04:02 +0000] "GET /css/styles/default.css HTTP/1.1" 200 850 "http://localhost:8081/logging/index.php" "Mozilla/5.0 (Windows NT 10.0; Win64; x64; rv:61.0) Gecko/20100101 Firefox/61.0"
172.20.0.1 - - [17/May/2018:19:04:02 +0000] "GET /css/debugbar.js HTTP/1.1" 200 8051 "http://localhost:8081/logging/index.php" "Mozilla/5.0 (Windows NT 10.0; Win64; x64; rv:61.0) Gecko/20100101 Firefox/61.0"
172.20.0.1 - - [17/May/2018:19:04:02 +0000] "GET /css/widgets.js HTTP/1.1" 200 4325 "http://localhost:8081/logging/index.php" "Mozilla/5.0 (Windows NT 10.0; Win64; x64; rv:61.0) Gecko/20100101 Firefox/61.0"
172.20.0.1 - - [17/May/2018:19:04:02 +0000] "GET /css/openhandler.js HTTP/1.1" 200 1934 "http://localhost:8081/logging/index.php" "Mozilla/5.0 (Windows NT 10.0; Win64; x64; rv:61.0) Gecko/20100101 Firefox/61.0"
172.20.0.1 - - [17/May/2018:19:04:02 +0000] "GET /css/vendor/highlightjs/styles/github.css HTTP/1.1" 200 1004 "http://localhost:8081/logging/index.php" "Mozilla/5.0 (Windows NT 10.0; Win64; x64; rv:61.0) Gecko/20100101 Firefox/61.0"
127.0.0.1 - - [17/May/2018:19:04:08 +0000] "OPTIONS * HTTP/1.0" 200 126 "-" "Apache/2.4.25 (Debian) PHP/7.2.4 (internal dummy connection)"
172.20.0.1 - - [17/May/2018:19:04:41 +0000] "GET /logging/index.php HTTP/1.1" 200 4859 "http://localhost:8081/logging/monolog.php" "Mozilla/5.0 (Windows NT 10.0; Win64; x64; rv:61.0) Gecko/20100101 Firefox/61.0"
172.20.0.1 - - [17/May/2018:19:04:41 +0000] "GET /css/debugbar.css HTTP/1.1" 200 2989 "http://localhost:8081/logging/index.php" "Mozilla/5.0 (Windows NT 10.0; Win64; x64; rv:61.0) Gecko/20100101 Firefox/61.0"
172.20.0.1 - - [17/May/2018:19:04:41 +0000] "GET /css/widgets.css HTTP/1.1" 200 1732 "http://localhost:8081/logging/index.php" "Mozilla/5.0 (Windows NT 10.0; Win64; x64; rv:61.0) Gecko/20100101 Firefox/61.0"
172.20.0.1 - - [17/May/2018:19:04:41 +0000] "GET /css/bs4.css HTTP/1.1" 200 429 "http://localhost:8081/logging/index.php" "Mozilla/5.0 (Windows NT 10.0; Win64; x64; rv:61.0) Gecko/20100101 Firefox/61.0"
172.20.0.1 - - [17/May/2018:19:04:41 +0000] "GET /css/openhandler.css HTTP/1.1" 200 4756 "http://localhost:8081/logging/index.php" "Mozilla/5.0 (Windows NT 10.0; Win64; x64; rv:61.0) Gecko/20100101 Firefox/61.0"
172.20.0.1 - - [17/May/2018:19:04:41 +0000] "GET /css/styles/default.css HTTP/1.1" 200 850 "http://localhost:8081/logging/index.php" "Mozilla/5.0 (Windows NT 10.0; Win64; x64; rv:61.0) Gecko/20100101 Firefox/61.0"
172.20.0.1 - - [17/May/2018:19:04:41 +0000] "GET /css/debugbar.js HTTP/1.1" 200 8051 "http://localhost:8081/logging/index.php" "Mozilla/5.0 (Windows NT 10.0; Win64; x64; rv:61.0) Gecko/20100101 Firefox/61.0"
172.20.0.1 - - [17/May/2018:19:04:41 +0000] "GET /css/widgets.js HTTP/1.1" 200 4325 "http://localhost:8081/logging/index.php" "Mozilla/5.0 (Windows NT 10.0; Win64; x64; rv:61.0) Gecko/20100101 Firefox/61.0"
172.20.0.1 - - [17/May/2018:19:04:41 +0000] "GET /css/openhandler.js HTTP/1.1" 200 1934 "http://localhost:8081/logging/index.php" "Mozilla/5.0 (Windows NT 10.0; Win64; x64; rv:61.0) Gecko/20100101 Firefox/61.0"
172.20.0.1 - - [17/May/2018:19:04:41 +0000] "GET /css/vendor/highlightjs/styles/github.css HTTP/1.1" 200 1004 "http://localhost:8081/logging/index.php" "Mozilla/5.0 (Windows NT 10.0; Win64; x64; rv:61.0) Gecko/20100101 Firefox/61.0"
127.0.0.1 - - [17/May/2018:19:04:47 +0000] "OPTIONS * HTTP/1.0" 200 126 "-" "Apache/2.4.25 (Debian) PHP/7.2.4 (internal dummy connection)"
172.20.0.1 - - [17/May/2018:19:06:05 +0000] "GET /logging/index.php HTTP/1.1" 200 4864 "http://localhost:8081/logging/monolog.php" "Mozilla/5.0 (Windows NT 10.0; Win64; x64; rv:61.0) Gecko/20100101 Firefox/61.0"
172.20.0.1 - - [17/May/2018:19:06:06 +0000] "GET /css/debugbar.css HTTP/1.1" 200 2989 "http://localhost:8081/logging/index.php" "Mozilla/5.0 (Windows NT 10.0; Win64; x64; rv:61.0) Gecko/20100101 Firefox/61.0"
172.20.0.1 - - [17/May/2018:19:06:06 +0000] "GET /css/bs4.css HTTP/1.1" 200 429 "http://localhost:8081/logging/index.php" "Mozilla/5.0 (Windows NT 10.0; Win64; x64; rv:61.0) Gecko/20100101 Firefox/61.0"
172.20.0.1 - - [17/May/2018:19:06:06 +0000] "GET /css/widgets.css HTTP/1.1" 200 1732 "http://localhost:8081/logging/index.php" "Mozilla/5.0 (Windows NT 10.0; Win64; x64; rv:61.0) Gecko/20100101 Firefox/61.0"
172.20.0.1 - - [17/May/2018:19:06:06 +0000] "GET /css/openhandler.css HTTP/1.1" 200 4756 "http://localhost:8081/logging/index.php" "Mozilla/5.0 (Windows NT 10.0; Win64; x64; rv:61.0) Gecko/20100101 Firefox/61.0"
172.20.0.1 - - [17/May/2018:19:06:06 +0000] "GET /css/styles/default.css HTTP/1.1" 200 850 "http://localhost:8081/logging/index.php" "Mozilla/5.0 (Windows NT 10.0; Win64; x64; rv:61.0) Gecko/20100101 Firefox/61.0"
172.20.0.1 - - [17/May/2018:19:06:06 +0000] "GET /css/debugbar.js HTTP/1.1" 200 8051 "http://localhost:8081/logging/index.php" "Mozilla/5.0 (Windows NT 10.0; Win64; x64; rv:61.0) Gecko/20100101 Firefox/61.0"
172.20.0.1 - - [17/May/2018:19:06:06 +0000] "GET /css/openhandler.js HTTP/1.1" 200 1934 "http://localhost:8081/logging/index.php" "Mozilla/5.0 (Windows NT 10.0; Win64; x64; rv:61.0) Gecko/20100101 Firefox/61.0"
172.20.0.1 - - [17/May/2018:19:06:06 +0000] "GET /css/widgets.js HTTP/1.1" 200 4325 "http://localhost:8081/logging/index.php" "Mozilla/5.0 (Windows NT 10.0; Win64; x64; rv:61.0) Gecko/20100101 Firefox/61.0"
172.20.0.1 - - [17/May/2018:19:06:06 +0000] "GET /css/vendor/highlightjs/styles/github.css HTTP/1.1" 200 1004 "http://localhost:8081/logging/index.php" "Mozilla/5.0 (Windows NT 10.0; Win64; x64; rv:61.0) Gecko/20100101 Firefox/61.0"
127.0.0.1 - - [17/May/2018:19:06:11 +0000] "OPTIONS * HTTP/1.0" 200 126 "-" "Apache/2.4.25 (Debian) PHP/7.2.4 (internal dummy connection)"
172.20.0.1 - - [17/May/2018:19:29:59 +0000] "GET /logging/zend.php HTTP/1.1" 200 4849 "http://localhost:8081/logging/index.php" "Mozilla/5.0 (Windows NT 10.0; Win64; x64; rv:61.0) Gecko/20100101 Firefox/61.0"
172.20.0.1 - - [17/May/2018:19:29:59 +0000] "GET /css/styles/default.css HTTP/1.1" 200 849 "http://localhost:8081/logging/zend.php" "Mozilla/5.0 (Windows NT 10.0; Win64; x64; rv:61.0) Gecko/20100101 Firefox/61.0"
172.20.0.1 - - [17/May/2018:19:32:56 +0000] "GET /logging/zend.php HTTP/1.1" 200 4906 "http://localhost:8081/logging/index.php" "Mozilla/5.0 (Windows NT 10.0; Win64; x64; rv:61.0) Gecko/20100101 Firefox/61.0"
172.20.0.1 - - [17/May/2018:19:32:59 +0000] "GET /css/bs4.css HTTP/1.1" 200 429 "http://localhost:8081/logging/zend.php" "Mozilla/5.0 (Windows NT 10.0; Win64; x64; rv:61.0) Gecko/20100101 Firefox/61.0"
172.20.0.1 - - [17/May/2018:19:32:59 +0000] "GET /css/debugbar.css HTTP/1.1" 200 2989 "http://localhost:8081/logging/zend.php" "Mozilla/5.0 (Windows NT 10.0; Win64; x64; rv:61.0) Gecko/20100101 Firefox/61.0"
172.20.0.1 - - [17/May/2018:19:32:59 +0000] "GET /css/widgets.css HTTP/1.1" 200 1732 "http://localhost:8081/logging/zend.php" "Mozilla/5.0 (Windows NT 10.0; Win64; x64; rv:61.0) Gecko/20100101 Firefox/61.0"
