172.20.0.1 - - [17/May/2018:03:24:30 +0000] "GET /logging/css/vendor/font-awesome/css/font-awesome.min.css HTTP/1.1" 404 1491 "http://localhost:8081/logging/monolog.php" "Mozilla/5.0 (Windows NT 10.0; Win64; x64; rv:60.0) Gecko/20100101 Firefox/60.0"
172.20.0.1 - - [17/May/2018:03:24:30 +0000] "GET /css/widgets.js HTTP/1.1" 200 4325 "http://localhost:8081/logging/monolog.php" "Mozilla/5.0 (Windows NT 10.0; Win64; x64; rv:60.0) Gecko/20100101 Firefox/60.0"
172.20.0.1 - - [17/May/2018:03:24:30 +0000] "GET /css/openhandler.js HTTP/1.1" 200 1934 "http://localhost:8081/logging/monolog.php" "Mozilla/5.0 (Windows NT 10.0; Win64; x64; rv:60.0) Gecko/20100101 Firefox/60.0"
172.20.0.1 - - [17/May/2018:03:24:30 +0000] "GET /css/vendor/highlightjs/styles/github.css HTTP/1.1" 200 1004 "http://localhost:8081/logging/monolog.php" "Mozilla/5.0 (Windows NT 10.0; Win64; x64; rv:60.0) Gecko/20100101 Firefox/60.0"
172.20.0.1 - - [17/May/2018:03:24:30 +0000] "GET /css/vendor/highlightjs/highlight.pack.js HTTP/1.1" 200 66804 "http://localhost:8081/logging/monolog.php" "Mozilla/5.0 (Windows NT 10.0; Win64; x64; rv:60.0) Gecko/20100101 Firefox/60.0"
127.0.0.1 - - [17/May/2018:03:24:35 +0000] "OPTIONS * HTTP/1.0" 200 126 "-" "Apache/2.4.25 (Debian) PHP/7.2.4 (internal dummy connection)"
172.20.0.1 - - [17/May/2018:03:25:03 +0000] "GET /logging/zend.php HTTP/1.1" 200 3442 "-" "Mozilla/5.0 (Windows NT 10.0; Win64; x64; rv:60.0) Gecko/20100101 Firefox/60.0"
172.20.0.1 - - [17/May/2018:03:25:04 +0000] "GET /css/widgets.css HTTP/1.1" 200 1732 "http://localhost:8081/logging/zend.php" "Mozilla/5.0 (Windows NT 10.0; Win64; x64; rv:60.0) Gecko/20100101 Firefox/60.0"
172.20.0.1 - - [17/May/2018:03:25:04 +0000] "GET /css/debugbar.css HTTP/1.1" 200 2989 "http://localhost:8081/logging/zend.php" "Mozilla/5.0 (Windows NT 10.0; Win64; x64; rv:60.0) Gecko/20100101 Firefox/60.0"
172.20.0.1 - - [17/May/2018:03:25:04 +0000] "GET /css/openhandler.css HTTP/1.1" 200 4756 "http://localhost:8081/logging/zend.php" "Mozilla/5.0 (Windows NT 10.0; Win64; x64; rv:60.0) Gecko/20100101 Firefox/60.0"
172.20.0.1 - - [17/May/2018:03:25:04 +0000] "GET /css/vendor/highlightjs/styles/github.css HTTP/1.1" 200 1003 "http://localhost:8081/logging/zend.php" "Mozilla/5.0 (Windows NT 10.0; Win64; x64; rv:60.0) Gecko/20100101 Firefox/60.0"
172.20.0.1 - - [17/May/2018:03:25:04 +0000] "GET /logging/css/vendor/font-awesome/css/font-awesome.min.css HTTP/1.1" 404 1492 "http://localhost:8081/logging/zend.php" "Mozilla/5.0 (Windows NT 10.0; Win64; x64; rv:60.0) Gecko/20100101 Firefox/60.0"
172.20.0.1 - - [17/May/2018:03:25:04 +0000] "GET /css/debugbar.js HTTP/1.1" 200 8051 "http://localhost:8081/logging/zend.php" "Mozilla/5.0 (Windows NT 10.0; Win64; x64; rv:60.0) Gecko/20100101 Firefox/60.0"
172.20.0.1 - - [17/May/2018:03:25:04 +0000] "GET /css/openhandler.js HTTP/1.1" 200 1934 "http://localhost:8081/logging/zend.php" "Mozilla/5.0 (Windows NT 10.0; Win64; x64; rv:60.0) Gecko/20100101 Firefox/60.0"
172.20.0.1 - - [17/May/2018:03:25:04 +0000] "GET /css/vendor/highlightjs/highlight.pack.js HTTP/1.1" 200 66804 "http://localhost:8081/logging/zend.php" "Mozilla/5.0 (Windows NT 10.0; Win64; x64; rv:60.0) Gecko/20100101 Firefox/60.0"
172.20.0.1 - - [17/May/2018:03:25:04 +0000] "GET /css/widgets.js HTTP/1.1" 200 4325 "http://localhost:8081/logging/zend.php" "Mozilla/5.0 (Windows NT 10.0; Win64; x64; rv:60.0) Gecko/20100101 Firefox/60.0"
127.0.0.1 - - [17/May/2018:03:25:10 +0000] "OPTIONS * HTTP/1.0" 200 126 "-" "Apache/2.4.25 (Debian) PHP/7.2.4 (internal dummy connection)"
172.20.0.1 - - [17/May/2018:03:29:23 +0000] "GET /logging/zend.php HTTP/1.1" 200 3444 "http://localhost:8081/logging/zend.php" "Mozilla/5.0 (Windows NT 10.0; Win64; x64; rv:60.0) Gecko/20100101 Firefox/60.0"
172.20.0.1 - - [17/May/2018:03:29:23 +0000] "GET /logging/css/vendor/font-awesome/css/font-awesome.min.css HTTP/1.1" 404 1491 "http://localhost:8081/logging/zend.php" "Mozilla/5.0 (Windows NT 10.0; Win64; x64; rv:60.0) Gecko/20100101 Firefox/60.0"
172.20.0.1 - - [17/May/2018:03:29:23 +0000] "GET /logging/css/vendor/font-awesome/css/font-awesome.min.css HTTP/1.1" 404 1492 "http://localhost:8081/logging/zend.php" "Mozilla/5.0 (Windows NT 10.0; Win64; x64; rv:60.0) Gecko/20100101 Firefox/60.0"
172.20.0.1 - - [17/May/2018:03:29:36 +0000] "GET /template.php HTTP/1.1" 200 2714 "-" "Mozilla/5.0 (Windows NT 10.0; Win64; x64; rv:60.0) Gecko/20100101 Firefox/60.0"
172.20.0.1 - - [17/May/2018:03:29:36 +0000] "GET /css/bs4.css HTTP/1.1" 200 429 "http://localhost:8081/template.php" "Mozilla/5.0 (Windows NT 10.0; Win64; x64; rv:60.0) Gecko/20100101 Firefox/60.0"
172.20.0.1 - - [17/May/2018:03:29:36 +0000] "GET /vendor/jquery/jquery.min.js HTTP/1.1" 404 1492 "http://localhost:8081/template.php" "Mozilla/5.0 (Windows NT 10.0; Win64; x64; rv:60.0) Gecko/20100101 Firefox/60.0"
172.20.0.1 - - [17/May/2018:03:29:36 +0000] "GET /vendor/bootstrap/js/bootstrap.bundle.min.js HTTP/1.1" 404 1492 "http://localhost:8081/template.php" "Mozilla/5.0 (Windows NT 10.0; Win64; x64; rv:60.0) Gecko/20100101 Firefox/60.0"
172.20.0.1 - - [17/May/2018:03:33:18 +0000] "GET /template.php HTTP/1.1" 200 3087 "-" "Mozilla/5.0 (Windows NT 10.0; Win64; x64; rv:60.0) Gecko/20100101 Firefox/60.0"
172.20.0.1 - - [17/May/2018:03:33:18 +0000] "GET /css/bs4.css HTTP/1.1" 200 430 "http://localhost:8081/template.php" "Mozilla/5.0 (Windows NT 10.0; Win64; x64; rv:60.0) Gecko/20100101 Firefox/60.0"
172.20.0.1 - - [17/May/2018:03:33:18 +0000] "GET /css/widgets.css HTTP/1.1" 200 1732 "http://localhost:8081/template.php" "Mozilla/5.0 (Windows NT 10.0; Win64; x64; rv:60.0) Gecko/20100101 Firefox/60.0"
172.20.0.1 - - [17/May/2018:03:33:18 +0000] "GET /css/debugbar.css HTTP/1.1" 200 2988 "http://localhost:8081/template.php" "Mozilla/5.0 (Windows NT 10.0; Win64; x64; rv:60.0) Gecko/20100101 Firefox/60.0"
172.20.0.1 - - [17/May/2018:03:33:18 +0000] "GET /css/openhandler.css HTTP/1.1" 200 4756 "http://localhost:8081/template.php" "Mozilla/5.0 (Windows NT 10.0; Win64; x64; rv:60.0) Gecko/20100101 Firefox/60.0"
172.20.0.1 - - [17/May/2018:03:33:18 +0000] "GET /css/vendor/highlightjs/styles/github.css HTTP/1.1" 200 1004 "http://localhost:8081/template.php" "Mozilla/5.0 (Windows NT 10.0; Win64; x64; rv:60.0) Gecko/20100101 Firefox/60.0"
172.20.0.1 - - [17/May/2018:03:35:00 +0000] "GET /template.php HTTP/1.1" 200 4716 "-" "Mozilla/5.0 (Windows NT 10.0; Win64; x64; rv:60.0) Gecko/20100101 Firefox/60.0"
172.20.0.1 - - [17/May/2018:03:35:01 +0000] "GET /css/bs4.css HTTP/1.1" 200 429 "http://localhost:8081/template.php" "Mozilla/5.0 (Windows NT 10.0; Win64; x64; rv:60.0) Gecko/20100101 Firefox/60.0"
172.20.0.1 - - [17/May/2018:03:35:01 +0000] "GET /css/openhandler.css HTTP/1.1" 200 4756 "http://localhost:8081/template.php" "Mozilla/5.0 (Windows NT 10.0; Win64; x64; rv:60.0) Gecko/20100101 Firefox/60.0"
172.20.0.1 - - [17/May/2018:03:35:01 +0000] "GET /css/debugbar.css HTTP/1.1" 200 2989 "http://localhost:8081/template.php" "Mozilla/5.0 (Windows NT 10.0; Win64; x64; rv:60.0) Gecko/20100101 Firefox/60.0"
172.20.0.1 - - [17/May/2018:03:35:01 +0000] "GET /css/widgets.css HTTP/1.1" 200 1732 "http://localhost:8081/template.php" "Mozilla/5.0 (Windows NT 10.0; Win64; x64; rv:60.0) Gecko/20100101 Firefox/60.0"
172.20.0.1 - - [17/May/2018:03:35:01 +0000] "GET /css/debugbar.js HTTP/1.1" 200 8052 "http://localhost:8081/template.php" "Mozilla/5.0 (Windows NT 10.0; Win64; x64; rv:60.0) Gecko/20100101 Firefox/60.0"
172.20.0.1 - - [17/May/2018:03:35:01 +0000] "GET /css/widgets.js HTTP/1.1" 200 4325 "http://localhost:8081/template.php" "Mozilla/5.0 (Windows NT 10.0; Win64; x64; rv:60.0) Gecko/20100101 Firefox/60.0"
172.20.0.1 - - [17/May/2018:03:35:01 +0000] "GET /css/openhandler.js HTTP/1.1" 200 1934 "http://localhost:8081/template.php" "Mozilla/5.0 (Windows NT 10.0; Win64; x64; rv:60.0) Gecko/20100101 Firefox/60.0"
172.20.0.1 - - [17/May/2018:03:35:01 +0000] "GET /css/vendor/highlightjs/styles/github.css HTTP/1.1" 200 1004 "http://localhost:8081/template.php" "Mozilla/5.0 (Windows NT 10.0; Win64; x64; rv:60.0) Gecko/20100101 Firefox/60.0"
127.0.0.1 - - [17/May/2018:03:35:06 +0000] "OPTIONS * HTTP/1.0" 200 126 "-" "Apache/2.4.25 (Debian) PHP/7.2.4 (internal dummy connection)"
172.20.0.1 - - [17/May/2018:03:40:15 +0000] "GET /template.php HTTP/1.1" 200 4718 "-" "Mozilla/5.0 (Windows NT 10.0; Win64; x64; rv:60.0) Gecko/20100101 Firefox/60.0"
172.20.0.1 - - [17/May/2018:03:40:16 +0000] "GET /css/bs4.css HTTP/1.1" 200 430 "http://localhost:8081/template.php" "Mozilla/5.0 (Windows NT 10.0; Win64; x64; rv:60.0) Gecko/20100101 Firefox/60.0"
172.20.0.1 - - [17/May/2018:03:40:16 +0000] "GET /css/debugbar.css HTTP/1.1" 200 2989 "http://localhost:8081/template.php" "Mozilla/5.0 (Windows NT 10.0; Win64; x64; rv:60.0) Gecko/20100101 Firefox/60.0"
172.20.0.1 - - [17/May/2018:03:40:16 +0000] "GET /css/openhandler.css HTTP/1.1" 200 4756 "http://localhost:8081/template.php" "Mozilla/5.0 (Windows NT 10.0; Win64; x64; rv:60.0) Gecko/20100101 Firefox/60.0"
172.20.0.1 - - [17/May/2018:03:40:16 +0000] "GET /css/widgets.css HTTP/1.1" 200 1732 "http://localhost:8081/template.php" "Mozilla/5.0 (Windows NT 10.0; Win64; x64; rv:60.0) Gecko/20100101 Firefox/60.0"
172.20.0.1 - - [17/May/2018:03:40:16 +0000] "GET /css/widgets.js HTTP/1.1" 200 4325 "http://localhost:8081/template.php" "Mozilla/5.0 (Windows NT 10.0; Win64; x64; rv:60.0) Gecko/20100101 Firefox/60.0"
172.20.0.1 - - [17/May/2018:03:40:16 +0000] "GET /css/debugbar.js HTTP/1.1" 200 8052 "http://localhost:8081/template.php" "Mozilla/5.0 (Windows NT 10.0; Win64; x64; rv:60.0) Gecko/20100101 Firefox/60.0"
172.20.0.1 - - [17/May/2018:03:40:16 +0000] "GET /css/openhandler.js HTTP/1.1" 200 1934 "http://localhost:8081/template.php" "Mozilla/5.0 (Windows NT 10.0; Win64; x64; rv:60.0) Gecko/20100101 Firefox/60.0"
172.20.0.1 - - [17/May/2018:03:40:16 +0000] "GET /css/vendor/highlightjs/styles/github.css HTTP/1.1" 200 1003 "http://localhost:8081/template.php" "Mozilla/5.0 (Windows NT 10.0; Win64; x64; rv:60.0) Gecko/20100101 Firefox/60.0"
127.0.0.1 - - [17/May/2018:03:40:22 +0000] "OPTIONS * HTTP/1.0" 200 126 "-" "Apache/2.4.25 (Debian) PHP/7.2.4 (internal dummy connection)"
172.20.0.1 - - [17/May/2018:04:32:44 +0000] "GET /favicon.ico HTTP/1.1" 404 1492 "-" "Mozilla/5.0 (Windows NT 10.0; Win64; x64; rv:61.0) Gecko/20100101 Firefox/61.0"
172.20.0.1 - - [17/May/2018:05:32:13 +0000] "GET /logging/monolog.php HTTP/1.1" 200 3440 "-" "Mozilla/5.0 (Windows NT 10.0; Win64; x64; rv:61.0) Gecko/20100101 Firefox/61.0"
172.20.0.1 - - [17/May/2018:05:32:13 +0000] "GET /css/widgets.css HTTP/1.1" 200 1732 "http://localhost:8081/logging/monolog.php" "Mozilla/5.0 (Windows NT 10.0; Win64; x64; rv:61.0) Gecko/20100101 Firefox/61.0"
172.20.0.1 - - [17/May/2018:05:32:13 +0000] "GET /css/debugbar.css HTTP/1.1" 200 2988 "http://localhost:8081/logging/monolog.php" "Mozilla/5.0 (Windows NT 10.0; Win64; x64; rv:61.0) Gecko/20100101 Firefox/61.0"
172.20.0.1 - - [17/May/2018:05:32:13 +0000] "GET /css/openhandler.css HTTP/1.1" 200 4756 "http://localhost:8081/logging/monolog.php" "Mozilla/5.0 (Windows NT 10.0; Win64; x64; rv:61.0) Gecko/20100101 Firefox/61.0"
172.20.0.1 - - [17/May/2018:05:32:13 +0000] "GET /css/vendor/highlightjs/styles/github.css HTTP/1.1" 200 1004 "http://localhost:8081/logging/monolog.php" "Mozilla/5.0 (Windows NT 10.0; Win64; x64; rv:61.0) Gecko/20100101 Firefox/61.0"
172.20.0.1 - - [17/May/2018:05:32:13 +0000] "GET /css/vendor/font-awesome/css/font-awesome.min.css HTTP/1.1" 200 7670 "http://localhost:8081/logging/monolog.php" "Mozilla/5.0 (Windows NT 10.0; Win64; x64; rv:61.0) Gecko/20100101 Firefox/61.0"
172.20.0.1 - - [17/May/2018:05:32:13 +0000] "GET /css/widgets.js HTTP/1.1" 200 4325 "http://localhost:8081/logging/monolog.php" "Mozilla/5.0 (Windows NT 10.0; Win64; x64; rv:61.0) Gecko/20100101 Firefox/61.0"
172.20.0.1 - - [17/May/2018:05:32:13 +0000] "GET /css/debugbar.js HTTP/1.1" 200 8051 "http://localhost:8081/logging/monolog.php" "Mozilla/5.0 (Windows NT 10.0; Win64; x64; rv:61.0) Gecko/20100101 Firefox/61.0"
172.20.0.1 - - [17/May/2018:05:32:13 +0000] "GET /css/vendor/highlightjs/highlight.pack.js HTTP/1.1" 200 66804 "http://localhost:8081/logging/monolog.php" "Mozilla/5.0 (Windows NT 10.0; Win64; x64; rv:61.0) Gecko/20100101 Firefox/61.0"
172.20.0.1 - - [17/May/2018:05:32:13 +0000] "GET /css/openhandler.js HTTP/1.1" 200 1934 "http://localhost:8081/logging/monolog.php" "Mozilla/5.0 (Windows NT 10.0; Win64; x64; rv:61.0) Gecko/20100101 Firefox/61.0"
172.20.0.1 - - [17/May/2018:05:32:13 +0000] "GET /css/vendor/font-awesome/fonts/fontawesome-webfont.woff2?v=4.7.0 HTTP/1.1" 200 77423 "http://localhost:8081/css/vendor/font-awesome/css/font-awesome.min.css" "Mozilla/5.0 (Windows NT 10.0; Win64; x64; rv:61.0) Gecko/20100101 Firefox/61.0"
172.20.0.1 - - [17/May/2018:05:32:16 +0000] "GET /css/debugbar.css HTTP/1.1" 200 2988 "http://localhost:8081/logging/zend.php" "Mozilla/5.0 (Windows NT 10.0; Win64; x64; rv:61.0) Gecko/20100101 Firefox/61.0"
172.20.0.1 - - [17/May/2018:05:32:16 +0000] "GET /logging/css/vendor/font-awesome/css/font-awesome.min.css HTTP/1.1" 404 1491 "http://localhost:8081/logging/zend.php" "Mozilla/5.0 (Windows NT 10.0; Win64; x64; rv:61.0) Gecko/20100101 Firefox/61.0"
172.20.0.1 - - [17/May/2018:05:32:16 +0000] "GET /css/vendor/highlightjs/styles/github.css HTTP/1.1" 200 1003 "http://localhost:8081/logging/zend.php" "Mozilla/5.0 (Windows NT 10.0; Win64; x64; rv:61.0) Gecko/20100101 Firefox/61.0"
172.20.0.1 - - [17/May/2018:05:32:18 +0000] "GET /logging/zend.php HTTP/1.1" 200 3878 "-" "Mozilla/5.0 (Windows NT 10.0; Win64; x64; rv:61.0) Gecko/20100101 Firefox/61.0"
172.20.0.1 - - [17/May/2018:05:32:18 +0000] "GET /css/vendor/font-awesome/css/font-awesome.min.css HTTP/1.1" 200 7669 "http://localhost:8081/logging/zend.php" "Mozilla/5.0 (Windows NT 10.0; Win64; x64; rv:61.0) Gecko/20100101 Firefox/61.0"
172.20.0.1 - - [17/May/2018:05:32:18 +0000] "GET /css/debugbar.css HTTP/1.1" 200 2988 "http://localhost:8081/logging/zend.php" "Mozilla/5.0 (Windows NT 10.0; Win64; x64; rv:61.0) Gecko/20100101 Firefox/61.0"
172.20.0.1 - - [17/May/2018:05:32:18 +0000] "GET /css/openhandler.css HTTP/1.1" 200 4756 "http://localhost:8081/logging/zend.php" "Mozilla/5.0 (Windows NT 10.0; Win64; x64; rv:61.0) Gecko/20100101 Firefox/61.0"
172.20.0.1 - - [17/May/2018:05:32:18 +0000] "GET /css/vendor/highlightjs/styles/github.css HTTP/1.1" 200 1004 "http://localhost:8081/logging/zend.php" "Mozilla/5.0 (Windows NT 10.0; Win64; x64; rv:61.0) Gecko/20100101 Firefox/61.0"
172.20.0.1 - - [17/May/2018:05:32:18 +0000] "GET /css/debugbar.js HTTP/1.1" 200 8051 "http://localhost:8081/logging/zend.php" "Mozilla/5.0 (Windows NT 10.0; Win64; x64; rv:61.0) Gecko/20100101 Firefox/61.0"
172.20.0.1 - - [17/May/2018:05:32:18 +0000] "GET /css/widgets.css HTTP/1.1" 200 1732 "http://localhost:8081/logging/zend.php" "Mozilla/5.0 (Windows NT 10.0; Win64; x64; rv:61.0) Gecko/20100101 Firefox/61.0"
172.20.0.1 - - [17/May/2018:05:32:18 +0000] "GET /css/widgets.js HTTP/1.1" 200 4325 "http://localhost:8081/logging/zend.php" "Mozilla/5.0 (Windows NT 10.0; Win64; x64; rv:61.0) Gecko/20100101 Firefox/61.0"
172.20.0.1 - - [17/May/2018:05:32:18 +0000] "GET /css/openhandler.js HTTP/1.1" 200 1934 "http://localhost:8081/logging/zend.php" "Mozilla/5.0 (Windows NT 10.0; Win64; x64; rv:61.0) Gecko/20100101 Firefox/61.0"
172.20.0.1 - - [17/May/2018:05:32:18 +0000] "GET /css/vendor/highlightjs/highlight.pack.js HTTP/1.1" 200 66804 "http://localhost:8081/logging/zend.php" "Mozilla/5.0 (Windows NT 10.0; Win64; x64; rv:61.0) Gecko/20100101 Firefox/61.0"
127.0.0.1 - - [17/May/2018:05:32:23 +0000] "OPTIONS * HTTP/1.0" 200 126 "-" "Apache/2.4.25 (Debian) PHP/7.2.4 (internal dummy connection)"
172.20.0.1 - - [17/May/2018:05:33:10 +0000] "GET /logging/zend.php HTTP/1.1" 200 3435 "-" "Mozilla/5.0 (Windows NT 10.0; Win64; x64; rv:61.0) Gecko/20100101 Firefox/61.0"
172.20.0.1 - - [17/May/2018:05:33:10 +0000] "GET /css/openhandler.css HTTP/1.1" 200 4756 "http://localhost:8081/logging/zend.php" "Mozilla/5.0 (Windows NT 10.0; Win64; x64; rv:61.0) Gecko/20100101 Firefox/61.0"
172.20.0.1 - - [17/May/2018:05:33:10 +0000] "GET /css/widgets.css HTTP/1.1" 200 1732 "http://localhost:8081/logging/zend.php" "Mozilla/5.0 (Windows NT 10.0; Win64; x64; rv:61.0) Gecko/20100101 Firefox/61.0"
172.20.0.1 - - [17/May/2018:05:33:10 +0000] "GET /css/debugbar.css HTTP/1.1" 200 2989 "http://localhost:8081/logging/zend.php" "Mozilla/5.0 (Windows NT 10.0; Win64; x64; rv:61.0) Gecko/20100101 Firefox/61.0"
172.20.0.1 - - [17/May/2018:05:33:10 +0000] "GET /css/vendor/font-awesome/css/font-awesome.min.css HTTP/1.1" 200 7670 "http://localhost:8081/logging/zend.php" "Mozilla/5.0 (Windows NT 10.0; Win64; x64; rv:61.0) Gecko/20100101 Firefox/61.0"
172.20.0.1 - - [17/May/2018:05:33:10 +0000] "GET /css/widgets.js HTTP/1.1" 200 4325 "http://localhost:8081/logging/zend.php" "Mozilla/5.0 (Windows NT 10.0; Win64; x64; rv:61.0) Gecko/20100101 Firefox/61.0"
172.20.0.1 - - [17/May/2018:05:33:10 +0000] "GET /css/debugbar.js HTTP/1.1" 200 8051 "http://localhost:8081/logging/zend.php" "Mozilla/5.0 (Windows NT 10.0; Win64; x64; rv:61.0) Gecko/20100101 Firefox/61.0"
172.20.0.1 - - [17/May/2018:05:33:10 +0000] "GET /css/vendor/highlightjs/highlight.pack.js HTTP/1.1" 200 66804 "http://localhost:8081/logging/zend.php" "Mozilla/5.0 (Windows NT 10.0; Win64; x64; rv:61.0) Gecko/20100101 Firefox/61.0"
172.20.0.1 - - [17/May/2018:05:33:10 +0000] "GET /css/vendor/highlightjs/styles/github.css HTTP/1.1" 200 1003 "http://localhost:8081/logging/zend.php" "Mozilla/5.0 (Windows NT 10.0; Win64; x64; rv:61.0) Gecko/20100101 Firefox/61.0"
172.20.0.1 - - [17/May/2018:05:33:10 +0000] "GET /css/openhandler.js HTTP/1.1" 200 1934 "http://localhost:8081/logging/zend.php" "Mozilla/5.0 (Windows NT 10.0; Win64; x64; rv:61.0) Gecko/20100101 Firefox/61.0"
127.0.0.1 - - [17/May/2018:05:33:15 +0000] "OPTIONS * HTTP/1.0" 200 126 "-" "Apache/2.4.25 (Debian) PHP/7.2.4 (internal dummy connection)"
172.20.0.1 - - [17/May/2018:05:33:29 +0000] "GET /logging/monolog.php HTTP/1.1" 200 3438 "-" "Mozilla/5.0 (Windows NT 10.0; Win64; x64; rv:61.0) Gecko/20100101 Firefox/61.0"
172.20.0.1 - - [17/May/2018:05:33:30 +0000] "GET /css/widgets.css HTTP/1.1" 200 1732 "http://localhost:8081/logging/monolog.php" "Mozilla/5.0 (Windows NT 10.0; Win64; x64; rv:61.0) Gecko/20100101 Firefox/61.0"
172.20.0.1 - - [17/May/2018:05:33:29 +0000] "GET /css/debugbar.css HTTP/1.1" 200 2989 "http://localhost:8081/logging/monolog.php" "Mozilla/5.0 (Windows NT 10.0; Win64; x64; rv:61.0) Gecko/20100101 Firefox/61.0"
172.20.0.1 - - [17/May/2018:05:33:30 +0000] "GET /css/openhandler.css HTTP/1.1" 200 4756 "http://localhost:8081/logging/monolog.php" "Mozilla/5.0 (Windows NT 10.0; Win64; x64; rv:61.0) Gecko/20100101 Firefox/61.0"
172.20.0.1 - - [17/May/2018:05:33:29 +0000] "GET /css/vendor/font-awesome/css/font-awesome.min.css HTTP/1.1" 200 7670 "http://localhost:8081/logging/monolog.php" "Mozilla/5.0 (Windows NT 10.0; Win64; x64; rv:61.0) Gecko/20100101 Firefox/61.0"
172.20.0.1 - - [17/May/2018:05:33:29 +0000] "GET /css/vendor/highlightjs/styles/github.css HTTP/1.1" 200 1003 "http://localhost:8081/logging/monolog.php" "Mozilla/5.0 (Windows NT 10.0; Win64; x64; rv:61.0) Gecko/20100101 Firefox/61.0"
172.20.0.1 - - [17/May/2018:05:33:30 +0000] "GET /css/openhandler.js HTTP/1.1" 200 1934 "http://localhost:8081/logging/monolog.php" "Mozilla/5.0 (Windows NT 10.0; Win64; x64; rv:61.0) Gecko/20100101 Firefox/61.0"
172.20.0.1 - - [17/May/2018:05:33:30 +0000] "GET /css/widgets.js HTTP/1.1" 200 4325 "http://localhost:8081/logging/monolog.php" "Mozilla/5.0 (Windows NT 10.0; Win64; x64; rv:61.0) Gecko/20100101 Firefox/61.0"
172.20.0.1 - - [17/May/2018:05:33:30 +0000] "GET /css/debugbar.js HTTP/1.1" 200 8051 "http://localhost:8081/logging/monolog.php" "Mozilla/5.0 (Windows NT 10.0; Win64; x64; rv:61.0) Gecko/20100101 Firefox/61.0"
172.20.0.1 - - [17/May/2018:05:33:30 +0000] "GET /css/vendor/highlightjs/highlight.pack.js HTTP/1.1" 200 66804 "http://localhost:8081/logging/monolog.php" "Mozilla/5.0 (Windows NT 10.0; Win64; x64; rv:61.0) Gecko/20100101 Firefox/61.0"
127.0.0.1 - - [17/May/2018:05:33:35 +0000] "OPTIONS * HTTP/1.0" 200 126 "-" "Apache/2.4.25 (Debian) PHP/7.2.4 (internal dummy connection)"
172.20.0.1 - - [17/May/2018:15:05:34 +0000] "GET /css/vendor/font-awesome/css/font-awesome.min.css HTTP/1.1" 200 7670 "http://localhost:8081/logging/zend.php" "Mozilla/5.0 (Windows NT 10.0; Win64; x64; rv:61.0) Gecko/20100101 Firefox/61.0"
172.20.0.1 - - [17/May/2018:15:05:39 +0000] "GET /logging HTTP/1.1" 301 582 "-" "Mozilla/5.0 (Windows NT 10.0; Win64; x64; rv:61.0) Gecko/20100101 Firefox/61.0"
172.20.0.1 - - [17/May/2018:15:05:39 +0000] "GET /logging/ HTTP/1.1" 200 874 "-" "Mozilla/5.0 (Windows NT 10.0; Win64; x64; rv:61.0) Gecko/20100101 Firefox/61.0"
172.20.0.1 - - [17/May/2018:15:06:17 +0000] "GET /logging/ HTTP/1.1" 200 4750 "-" "Mozilla/5.0 (Windows NT 10.0; Win64; x64; rv:61.0) Gecko/20100101 Firefox/61.0"
172.20.0.1 - - [17/May/2018:15:06:17 +0000] "GET /css/widgets.css HTTP/1.1" 200 1732 "http://localhost:8081/logging/" "Mozilla/5.0 (Windows NT 10.0; Win64; x64; rv:61.0) Gecko/20100101 Firefox/61.0"
172.20.0.1 - - [17/May/2018:15:06:17 +0000] "GET /css/debugbar.css HTTP/1.1" 200 2989 "http://localhost:8081/logging/" "Mozilla/5.0 (Windows NT 10.0; Win64; x64; rv:61.0) Gecko/20100101 Firefox/61.0"
172.20.0.1 - - [17/May/2018:15:06:17 +0000] "GET /css/openhandler.css HTTP/1.1" 200 4756 "http://localhost:8081/logging/" "Mozilla/5.0 (Windows NT 10.0; Win64; x64; rv:61.0) Gecko/20100101 Firefox/61.0"
172.20.0.1 - - [17/May/2018:15:06:17 +0000] "GET /css/bs4.css HTTP/1.1" 200 430 "http://localhost:8081/logging/" "Mozilla/5.0 (Windows NT 10.0; Win64; x64; rv:61.0) Gecko/20100101 Firefox/61.0"
172.20.0.1 - - [17/May/2018:15:06:17 +0000] "GET /css/debugbar.js HTTP/1.1" 200 8052 "http://localhost:8081/logging/" "Mozilla/5.0 (Windows NT 10.0; Win64; x64; rv:61.0) Gecko/20100101 Firefox/61.0"
172.20.0.1 - - [17/May/2018:15:06:17 +0000] "GET /css/openhandler.js HTTP/1.1" 200 1934 "http://localhost:8081/logging/" "Mozilla/5.0 (Windows NT 10.0; Win64; x64; rv:61.0) Gecko/20100101 Firefox/61.0"
172.20.0.1 - - [17/May/2018:15:06:17 +0000] "GET /css/widgets.js HTTP/1.1" 200 4325 "http://localhost:8081/logging/" "Mozilla/5.0 (Windows NT 10.0; Win64; x64; rv:61.0) Gecko/20100101 Firefox/61.0"
172.20.0.1 - - [17/May/2018:15:06:17 +0000] "GET /css/vendor/highlightjs/styles/github.css HTTP/1.1" 200 1003 "http://localhost:8081/logging/" "Mozilla/5.0 (Windows NT 10.0; Win64; x64; rv:61.0) Gecko/20100101 Firefox/61.0"
127.0.0.1 - - [17/May/2018:15:06:22 +0000] "OPTIONS * HTTP/1.0" 200 126 "-" "Apache/2.4.25 (Debian) PHP/7.2.4 (internal dummy connection)"
172.20.0.1 - - [17/May/2018:15:09:01 +0000] "GET /logging/monolog.php HTTP/1.1" 200 4718 "-" "Mozilla/5.0 (Windows NT 10.0; Win64; x64; rv:61.0) Gecko/20100101 Firefox/61.0"
172.20.0.1 - - [17/May/2018:15:09:01 +0000] "GET /css/bs4.css HTTP/1.1" 200 429 "http://localhost:8081/logging/monolog.php" "Mozilla/5.0 (Windows NT 10.0; Win64; x64; rv:61.0) Gecko/20100101 Firefox/61.0"
172.20.0.1 - - [17/May/2018:15:09:01 +0000] "GET /css/openhandler.css HTTP/1.1" 200 4756 "http://localhost:8081/logging/monolog.php" "Mozilla/5.0 (Windows NT 10.0; Win64; x64; rv:61.0) Gecko/20100101 Firefox/61.0"
172.20.0.1 - - [17/May/2018:15:09:01 +0000] "GET /css/debugbar.css HTTP/1.1" 200 2989 "http://localhost:8081/logging/monolog.php" "Mozilla/5.0 (Windows NT 10.0; Win64; x64; rv:61.0) Gecko/20100101 Firefox/61.0"
172.20.0.1 - - [17/May/2018:15:09:01 +0000] "GET /css/vendor/highlightjs/styles/github.css HTTP/1.1" 200 1004 "http://localhost:8081/logging/monolog.php" "Mozilla/5.0 (Windows NT 10.0; Win64; x64; rv:61.0) Gecko/20100101 Firefox/61.0"
172.20.0.1 - - [17/May/2018:15:11:10 +0000] "GET /logging/monolog.php HTTP/1.1" 200 4753 "-" "Mozilla/5.0 (Windows NT 10.0; Win64; x64; rv:61.0) Gecko/20100101 Firefox/61.0"
172.20.0.1 - - [17/May/2018:15:11:10 +0000] "GET /css/bs4.css HTTP/1.1" 200 429 "http://localhost:8081/logging/monolog.php" "Mozilla/5.0 (Windows NT 10.0; Win64; x64; rv:61.0) Gecko/20100101 Firefox/61.0"
172.20.0.1 - - [17/May/2018:15:11:10 +0000] "GET /css/widgets.css HTTP/1.1" 200 1732 "http://localhost:8081/logging/monolog.php" "Mozilla/5.0 (Windows NT 10.0; Win64; x64; rv:61.0) Gecko/20100101 Firefox/61.0"
172.20.0.1 - - [17/May/2018:15:11:10 +0000] "GET /css/debugbar.css HTTP/1.1" 200 2989 "http://localhost:8081/logging/monolog.php" "Mozilla/5.0 (Windows NT 10.0; Win64; x64; rv:61.0) Gecko/20100101 Firefox/61.0"
172.20.0.1 - - [17/May/2018:15:11:10 +0000] "GET /css/openhandler.css HTTP/1.1" 200 4756 "http://localhost:8081/logging/monolog.php" "Mozilla/5.0 (Windows NT 10.0; Win64; x64; rv:61.0) Gecko/20100101 Firefox/61.0"
172.20.0.1 - - [17/May/2018:15:11:10 +0000] "GET /css/openhandler.js HTTP/1.1" 200 1934 "http://localhost:8081/logging/monolog.php" "Mozilla/5.0 (Windows NT 10.0; Win64; x64; rv:61.0) Gecko/20100101 Firefox/61.0"
172.20.0.1 - - [17/May/2018:15:11:10 +0000] "GET /css/debugbar.js HTTP/1.1" 200 8052 "http://localhost:8081/logging/monolog.php" "Mozilla/5.0 (Windows NT 10.0; Win64; x64; rv:61.0) Gecko/20100101 Firefox/61.0"
172.20.0.1 - - [17/May/2018:15:11:10 +0000] "GET /css/widgets.js HTTP/1.1" 200 4325 "http://localhost:8081/logging/monolog.php" "Mozilla/5.0 (Windows NT 10.0; Win64; x64; rv:61.0) Gecko/20100101 Firefox/61.0"
172.20.0.1 - - [17/May/2018:15:11:10 +0000] "GET /css/vendor/highlightjs/styles/github.css HTTP/1.1" 200 1004 "http://localhost:8081/logging/monolog.php" "Mozilla/5.0 (Windows NT 10.0; Win64; x64; rv:61.0) Gecko/20100101 Firefox/61.0"
127.0.0.1 - - [17/May/2018:15:11:15 +0000] "OPTIONS * HTTP/1.0" 200 126 "-" "Apache/2.4.25 (Debian) PHP/7.2.4 (internal dummy connection)"
172.20.0.1 - - [17/May/2018:15:12:37 +0000] "GET /logging/monolog.php HTTP/1.1" 200 4728 "-" "Mozilla/5.0 (Windows NT 10.0; Win64; x64; rv:61.0) Gecko/20100101 Firefox/61.0"
172.20.0.1 - - [17/May/2018:15:12:38 +0000] "GET /css/bs4.css HTTP/1.1" 200 430 "http://localhost:8081/logging/monolog.php" "Mozilla/5.0 (Windows NT 10.0; Win64; x64; rv:61.0) Gecko/20100101 Firefox/61.0"
172.20.0.1 - - [17/May/2018:15:12:38 +0000] "GET /css/debugbar.css HTTP/1.1" 200 2989 "http://localhost:8081/logging/monolog.php" "Mozilla/5.0 (Windows NT 10.0; Win64; x64; rv:61.0) Gecko/20100101 Firefox/61.0"
172.20.0.1 - - [17/May/2018:15:12:38 +0000] "GET /css/openhandler.css HTTP/1.1" 200 4756 "http://localhost:8081/logging/monolog.php" "Mozilla/5.0 (Windows NT 10.0; Win64; x64; rv:61.0) Gecko/20100101 Firefox/61.0"
172.20.0.1 - - [17/May/2018:15:12:38 +0000] "GET /css/widgets.css HTTP/1.1" 200 1732 "http://localhost:8081/logging/monolog.php" "Mozilla/5.0 (Windows NT 10.0; Win64; x64; rv:61.0) Gecko/20100101 Firefox/61.0"
172.20.0.1 - - [17/May/2018:15:12:38 +0000] "GET /css/debugbar.js HTTP/1.1" 200 8052 "http://localhost:8081/logging/monolog.php" "Mozilla/5.0 (Windows NT 10.0; Win64; x64; rv:61.0) Gecko/20100101 Firefox/61.0"
172.20.0.1 - - [17/May/2018:15:12:38 +0000] "GET /css/widgets.js HTTP/1.1" 200 4325 "http://localhost:8081/logging/monolog.php" "Mozilla/5.0 (Windows NT 10.0; Win64; x64; rv:61.0) Gecko/20100101 Firefox/61.0"
172.20.0.1 - - [17/May/2018:15:12:38 +0000] "GET /css/openhandler.js HTTP/1.1" 200 1934 "http://localhost:8081/logging/monolog.php" "Mozilla/5.0 (Windows NT 10.0; Win64; x64; rv:61.0) Gecko/20100101 Firefox/61.0"
172.20.0.1 - - [17/May/2018:15:12:38 +0000] "GET /css/vendor/highlightjs/styles/github.css HTTP/1.1" 200 1003 "http://localhost:8081/logging/monolog.php" "Mozilla/5.0 (Windows NT 10.0; Win64; x64; rv:61.0) Gecko/20100101 Firefox/61.0"
172.20.0.1 - - [17/May/2018:15:12:42 +0000] "GET /logging/monolog.php HTTP/1.1" 200 4731 "http://localhost:8081/logging/monolog.php" "Mozilla/5.0 (Windows NT 10.0; Win64; x64; rv:61.0) Gecko/20100101 Firefox/61.0"
172.20.0.1 - - [17/May/2018:15:12:42 +0000] "GET /css/openhandler.js HTTP/1.1" 200 1934 "http://localhost:8081/logging/monolog.php" "Mozilla/5.0 (Windows NT 10.0; Win64; x64; rv:61.0) Gecko/20100101 Firefox/61.0"
172.20.0.1 - - [17/May/2018:15:12:42 +0000] "GET /css/widgets.js HTTP/1.1" 200 4325 "http://localhost:8081/logging/monolog.php" "Mozilla/5.0 (Windows NT 10.0; Win64; x64; rv:61.0) Gecko/20100101 Firefox/61.0"
172.20.0.1 - - [17/May/2018:15:12:42 +0000] "GET /css/openhandler.css HTTP/1.1" 200 4755 "http://localhost:8081/logging/monolog.php" "Mozilla/5.0 (Windows NT 10.0; Win64; x64; rv:61.0) Gecko/20100101 Firefox/61.0"
172.20.0.1 - - [17/May/2018:15:12:42 +0000] "GET /css/vendor/highlightjs/styles/github.css HTTP/1.1" 200 1003 "http://localhost:8081/logging/monolog.php" "Mozilla/5.0 (Windows NT 10.0; Win64; x64; rv:61.0) Gecko/20100101 Firefox/61.0"
127.0.0.1 - - [17/May/2018:15:12:44 +0000] "OPTIONS * HTTP/1.0" 200 126 "-" "Apache/2.4.25 (Debian) PHP/7.2.4 (internal dummy connection)"
172.20.0.1 - - [17/May/2018:15:12:44 +0000] "GET /logging/zend.php HTTP/1.1" 200 3446 "http://localhost:8081/logging/monolog.php" "Mozilla/5.0 (Windows NT 10.0; Win64; x64; rv:61.0) Gecko/20100101 Firefox/61.0"
172.20.0.1 - - [17/May/2018:15:35:00 +0000] "GET /logging/monolog.php HTTP/1.1" 200 4747 "http://localhost:8081/logging/monolog.php" "Mozilla/5.0 (Windows NT 10.0; Win64; x64; rv:61.0) Gecko/20100101 Firefox/61.0"
172.20.0.1 - - [17/May/2018:15:35:00 +0000] "GET /css/debugbar.css HTTP/1.1" 200 2989 "http://localhost:8081/logging/monolog.php" "Mozilla/5.0 (Windows NT 10.0; Win64; x64; rv:61.0) Gecko/20100101 Firefox/61.0"
172.20.0.1 - - [17/May/2018:15:35:00 +0000] "GET /css/bs4.css HTTP/1.1" 200 430 "http://localhost:8081/logging/monolog.php" "Mozilla/5.0 (Windows NT 10.0; Win64; x64; rv:61.0) Gecko/20100101 Firefox/61.0"
172.20.0.1 - - [17/May/2018:15:35:00 +0000] "GET /css/openhandler.css HTTP/1.1" 200 4756 "http://localhost:8081/logging/monolog.php" "Mozilla/5.0 (Windows NT 10.0; Win64; x64; rv:61.0) Gecko/20100101 Firefox/61.0"
172.20.0.1 - - [17/May/2018:15:35:00 +0000] "GET /css/widgets.css HTTP/1.1" 200 1732 "http://localhost:8081/logging/monolog.php" "Mozilla/5.0 (Windows NT 10.0; Win64; x64; rv:61.0) Gecko/20100101 Firefox/61.0"
172.20.0.1 - - [17/May/2018:15:35:00 +0000] "GET /css/debugbar.js HTTP/1.1" 200 8052 "http://localhost:8081/logging/monolog.php" "Mozilla/5.0 (Windows NT 10.0; Win64; x64; rv:61.0) Gecko/20100101 Firefox/61.0"
172.20.0.1 - - [17/May/2018:15:35:00 +0000] "GET /css/widgets.js HTTP/1.1" 200 4325 "http://localhost:8081/logging/monolog.php" "Mozilla/5.0 (Windows NT 10.0; Win64; x64; rv:61.0) Gecko/20100101 Firefox/61.0"
172.20.0.1 - - [17/May/2018:15:35:00 +0000] "GET /css/openhandler.js HTTP/1.1" 200 1934 "http://localhost:8081/logging/monolog.php" "Mozilla/5.0 (Windows NT 10.0; Win64; x64; rv:61.0) Gecko/20100101 Firefox/61.0"
172.20.0.1 - - [17/May/2018:15:35:00 +0000] "GET /css/vendor/highlightjs/styles/github.css HTTP/1.1" 200 1003 "http://localhost:8081/logging/monolog.php" "Mozilla/5.0 (Windows NT 10.0; Win64; x64; rv:61.0) Gecko/20100101 Firefox/61.0"
127.0.0.1 - - [17/May/2018:15:35:06 +0000] "OPTIONS * HTTP/1.0" 200 126 "-" "Apache/2.4.25 (Debian) PHP/7.2.4 (internal dummy connection)"
172.20.0.1 - - [17/May/2018:15:35:23 +0000] "GET /logging/monolog.php HTTP/1.1" 200 4735 "-" "Mozilla/5.0 (Windows NT 10.0; Win64; x64; rv:61.0) Gecko/20100101 Firefox/61.0"
172.20.0.1 - - [17/May/2018:15:35:24 +0000] "GET /css/widgets.css HTTP/1.1" 200 1732 "http://localhost:8081/logging/monolog.php" "Mozilla/5.0 (Windows NT 10.0; Win64; x64; rv:61.0) Gecko/20100101 Firefox/61.0"
172.20.0.1 - - [17/May/2018:15:35:24 +0000] "GET /css/debugbar.js HTTP/1.1" 200 8052 "http://localhost:8081/logging/monolog.php" "Mozilla/5.0 (Windows NT 10.0; Win64; x64; rv:61.0) Gecko/20100101 Firefox/61.0"
172.20.0.1 - - [17/May/2018:15:35:24 +0000] "GET /css/bs4.css HTTP/1.1" 200 429 "http://localhost:8081/logging/monolog.php" "Mozilla/5.0 (Windows NT 10.0; Win64; x64; rv:61.0) Gecko/20100101 Firefox/61.0"
172.20.0.1 - - [17/May/2018:15:35:24 +0000] "GET /css/debugbar.css HTTP/1.1" 200 2989 "http://localhost:8081/logging/monolog.php" "Mozilla/5.0 (Windows NT 10.0; Win64; x64; rv:61.0) Gecko/20100101 Firefox/61.0"
172.20.0.1 - - [17/May/2018:15:35:24 +0000] "GET /css/openhandler.css HTTP/1.1" 200 4756 "http://localhost:8081/logging/monolog.php" "Mozilla/5.0 (Windows NT 10.0; Win64; x64; rv:61.0) Gecko/20100101 Firefox/61.0"
172.20.0.1 - - [17/May/2018:15:35:24 +0000] "GET /css/vendor/highlightjs/styles/github.css HTTP/1.1" 200 1004 "http://localhost:8081/logging/monolog.php" "Mozilla/5.0 (Windows NT 10.0; Win64; x64; rv:61.0) Gecko/20100101 Firefox/61.0"
172.20.0.1 - - [17/May/2018:15:35:24 +0000] "GET /css/widgets.js HTTP/1.1" 200 4325 "http://localhost:8081/logging/monolog.php" "Mozilla/5.0 (Windows NT 10.0; Win64; x64; rv:61.0) Gecko/20100101 Firefox/61.0"
172.20.0.1 - - [17/May/2018:15:35:24 +0000] "GET /css/openhandler.js HTTP/1.1" 200 1934 "http://localhost:8081/logging/monolog.php" "Mozilla/5.0 (Windows NT 10.0; Win64; x64; rv:61.0) Gecko/20100101 Firefox/61.0"
172.20.0.1 - - [17/May/2018:15:35:26 +0000] "GET /logging/analog.php HTTP/1.1" 200 4734 "http://localhost:8081/logging/monolog.php" "Mozilla/5.0 (Windows NT 10.0; Win64; x64; rv:61.0) Gecko/20100101 Firefox/61.0"
127.0.0.1 - - [17/May/2018:15:35:31 +0000] "OPTIONS * HTTP/1.0" 200 126 "-" "Apache/2.4.25 (Debian) PHP/7.2.4 (internal dummy connection)"
172.20.0.1 - - [17/May/2018:15:37:07 +0000] "GET /logging/monolog.php HTTP/1.1" 200 2578 "-" "Mozilla/5.0 (Windows NT 10.0; Win64; x64; rv:61.0) Gecko/20100101 Firefox/61.0"
172.20.0.1 - - [17/May/2018:15:37:07 +0000] "GET /css/openhandler.css HTTP/1.1" 200 4756 "http://localhost:8081/logging/monolog.php" "Mozilla/5.0 (Windows NT 10.0; Win64; x64; rv:61.0) Gecko/20100101 Firefox/61.0"
172.20.0.1 - - [17/May/2018:15:37:07 +0000] "GET /css/debugbar.css HTTP/1.1" 200 2989 "http://localhost:8081/logging/monolog.php" "Mozilla/5.0 (Windows NT 10.0; Win64; x64; rv:61.0) Gecko/20100101 Firefox/61.0"
172.20.0.1 - - [17/May/2018:15:37:07 +0000] "GET /css/widgets.css HTTP/1.1" 200 1732 "http://localhost:8081/logging/monolog.php" "Mozilla/5.0 (Windows NT 10.0; Win64; x64; rv:61.0) Gecko/20100101 Firefox/61.0"
172.20.0.1 - - [17/May/2018:15:37:07 +0000] "GET /css/bs4.css HTTP/1.1" 200 429 "http://localhost:8081/logging/monolog.php" "Mozilla/5.0 (Windows NT 10.0; Win64; x64; rv:61.0) Gecko/20100101 Firefox/61.0"
172.20.0.1 - - [17/May/2018:15:37:07 +0000] "GET /css/vendor/highlightjs/styles/github.css HTTP/1.1" 200 1004 "http://localhost:8081/logging/monolog.php" "Mozilla/5.0 (Windows NT 10.0; Win64; x64; rv:61.0) Gecko/20100101 Firefox/61.0"
172.20.0.1 - - [17/May/2018:15:37:13 +0000] "GET /logging/analog.php HTTP/1.1" 200 4750 "http://localhost:8081/logging/monolog.php" "Mozilla/5.0 (Windows NT 10.0; Win64; x64; rv:61.0) Gecko/20100101 Firefox/61.0"
172.20.0.1 - - [17/May/2018:15:37:13 +0000] "GET /css/bs4.css HTTP/1.1" 200 430 "http://localhost:8081/logging/analog.php" "Mozilla/5.0 (Windows NT 10.0; Win64; x64; rv:61.0) Gecko/20100101 Firefox/61.0"
172.20.0.1 - - [17/May/2018:15:37:13 +0000] "GET /css/debugbar.css HTTP/1.1" 200 2988 "http://localhost:8081/logging/analog.php" "Mozilla/5.0 (Windows NT 10.0; Win64; x64; rv:61.0) Gecko/20100101 Firefox/61.0"
172.20.0.1 - - [17/May/2018:15:37:14 +0000] "GET /css/widgets.css HTTP/1.1" 200 1732 "http://localhost:8081/logging/analog.php" "Mozilla/5.0 (Windows NT 10.0; Win64; x64; rv:61.0) Gecko/20100101 Firefox/61.0"
172.20.0.1 - - [17/May/2018:15:37:14 +0000] "GET /css/openhandler.css HTTP/1.1" 200 4756 "http://localhost:8081/logging/analog.php" "Mozilla/5.0 (Windows NT 10.0; Win64; x64; rv:61.0) Gecko/20100101 Firefox/61.0"
172.20.0.1 - - [17/May/2018:15:37:14 +0000] "GET /css/debugbar.js HTTP/1.1" 200 8052 "http://localhost:8081/logging/analog.php" "Mozilla/5.0 (Windows NT 10.0; Win64; x64; rv:61.0) Gecko/20100101 Firefox/61.0"
172.20.0.1 - - [17/May/2018:15:37:14 +0000] "GET /css/widgets.js HTTP/1.1" 200 4326 "http://localhost:8081/logging/analog.php" "Mozilla/5.0 (Windows NT 10.0; Win64; x64; rv:61.0) Gecko/20100101 Firefox/61.0"
172.20.0.1 - - [17/May/2018:15:37:14 +0000] "GET /css/openhandler.js HTTP/1.1" 200 1934 "http://localhost:8081/logging/analog.php" "Mozilla/5.0 (Windows NT 10.0; Win64; x64; rv:61.0) Gecko/20100101 Firefox/61.0"
172.20.0.1 - - [17/May/2018:15:37:13 +0000] "GET /css/vendor/highlightjs/styles/github.css HTTP/1.1" 200 1003 "http://localhost:8081/logging/analog.php" "Mozilla/5.0 (Windows NT 10.0; Win64; x64; rv:61.0) Gecko/20100101 Firefox/61.0"
127.0.0.1 - - [17/May/2018:15:37:19 +0000] "OPTIONS * HTTP/1.0" 200 126 "-" "Apache/2.4.25 (Debian) PHP/7.2.4 (internal dummy connection)"
172.20.0.1 - - [17/May/2018:15:37:37 +0000] "GET /logging/analog.php HTTP/1.1" 200 2570 "http://localhost:8081/logging/monolog.php" "Mozilla/5.0 (Windows NT 10.0; Win64; x64; rv:61.0) Gecko/20100101 Firefox/61.0"
172.20.0.1 - - [17/May/2018:15:37:37 +0000] "GET /css/bs4.css HTTP/1.1" 200 429 "http://localhost:8081/logging/analog.php" "Mozilla/5.0 (Windows NT 10.0; Win64; x64; rv:61.0) Gecko/20100101 Firefox/61.0"
172.20.0.1 - - [17/May/2018:15:37:37 +0000] "GET /css/debugbar.css HTTP/1.1" 200 2989 "http://localhost:8081/logging/analog.php" "Mozilla/5.0 (Windows NT 10.0; Win64; x64; rv:61.0) Gecko/20100101 Firefox/61.0"
172.20.0.1 - - [17/May/2018:15:37:37 +0000] "GET /css/widgets.css HTTP/1.1" 200 1732 "http://localhost:8081/logging/analog.php" "Mozilla/5.0 (Windows NT 10.0; Win64; x64; rv:61.0) Gecko/20100101 Firefox/61.0"
172.20.0.1 - - [17/May/2018:15:37:37 +0000] "GET /css/openhandler.css HTTP/1.1" 200 4756 "http://localhost:8081/logging/analog.php" "Mozilla/5.0 (Windows NT 10.0; Win64; x64; rv:61.0) Gecko/20100101 Firefox/61.0"
172.20.0.1 - - [17/May/2018:15:37:37 +0000] "GET /css/vendor/highlightjs/styles/github.css HTTP/1.1" 200 1004 "http://localhost:8081/logging/analog.php" "Mozilla/5.0 (Windows NT 10.0; Win64; x64; rv:61.0) Gecko/20100101 Firefox/61.0"
172.20.0.1 - - [17/May/2018:15:38:20 +0000] "GET /logging/analog.php HTTP/1.1" 200 3117 "http://localhost:8081/logging/monolog.php" "Mozilla/5.0 (Windows NT 10.0; Win64; x64; rv:61.0) Gecko/20100101 Firefox/61.0"
172.20.0.1 - - [17/May/2018:15:38:20 +0000] "GET /css/bs4.css HTTP/1.1" 200 430 "http://localhost:8081/logging/analog.php" "Mozilla/5.0 (Windows NT 10.0; Win64; x64; rv:61.0) Gecko/20100101 Firefox/61.0"
172.20.0.1 - - [17/May/2018:15:38:20 +0000] "GET /css/widgets.css HTTP/1.1" 200 1732 "http://localhost:8081/logging/analog.php" "Mozilla/5.0 (Windows NT 10.0; Win64; x64; rv:61.0) Gecko/20100101 Firefox/61.0"
172.20.0.1 - - [17/May/2018:15:38:20 +0000] "GET /css/openhandler.css HTTP/1.1" 200 4756 "http://localhost:8081/logging/analog.php" "Mozilla/5.0 (Windows NT 10.0; Win64; x64; rv:61.0) Gecko/20100101 Firefox/61.0"
172.20.0.1 - - [17/May/2018:15:38:20 +0000] "GET /css/debugbar.css HTTP/1.1" 200 2989 "http://localhost:8081/logging/analog.php" "Mozilla/5.0 (Windows NT 10.0; Win64; x64; rv:61.0) Gecko/20100101 Firefox/61.0"
172.20.0.1 - - [17/May/2018:15:38:20 +0000] "GET /css/vendor/highlightjs/styles/github.css HTTP/1.1" 200 1003 "http://localhost:8081/logging/analog.php" "Mozilla/5.0 (Windows NT 10.0; Win64; x64; rv:61.0) Gecko/20100101 Firefox/61.0"
172.20.0.1 - - [17/May/2018:15:38:29 +0000] "GET /logging/analog.php HTTP/1.1" 200 3115 "http://localhost:8081/logging/monolog.php" "Mozilla/5.0 (Windows NT 10.0; Win64; x64; rv:61.0) Gecko/20100101 Firefox/61.0"
172.20.0.1 - - [17/May/2018:15:38:29 +0000] "GET /css/bs4.css HTTP/1.1" 200 429 "http://localhost:8081/logging/analog.php" "Mozilla/5.0 (Windows NT 10.0; Win64; x64; rv:61.0) Gecko/20100101 Firefox/61.0"
172.20.0.1 - - [17/May/2018:15:38:29 +0000] "GET /css/debugbar.css HTTP/1.1" 200 2989 "http://localhost:8081/logging/analog.php" "Mozilla/5.0 (Windows NT 10.0; Win64; x64; rv:61.0) Gecko/20100101 Firefox/61.0"
172.20.0.1 - - [17/May/2018:15:38:29 +0000] "GET /css/widgets.css HTTP/1.1" 200 1732 "http://localhost:8081/logging/analog.php" "Mozilla/5.0 (Windows NT 10.0; Win64; x64; rv:61.0) Gecko/20100101 Firefox/61.0"
172.20.0.1 - - [17/May/2018:15:38:29 +0000] "GET /css/openhandler.css HTTP/1.1" 200 4756 "http://localhost:8081/logging/analog.php" "Mozilla/5.0 (Windows NT 10.0; Win64; x64; rv:61.0) Gecko/20100101 Firefox/61.0"
172.20.0.1 - - [17/May/2018:15:38:29 +0000] "GET /css/vendor/highlightjs/styles/github.css HTTP/1.1" 200 1004 "http://localhost:8081/logging/analog.php" "Mozilla/5.0 (Windows NT 10.0; Win64; x64; rv:61.0) Gecko/20100101 Firefox/61.0"
172.20.0.1 - - [17/May/2018:15:38:38 +0000] "GET /logging/analog.php HTTP/1.1" 200 3114 "http://localhost:8081/logging/monolog.php" "Mozilla/5.0 (Windows NT 10.0; Win64; x64; rv:61.0) Gecko/20100101 Firefox/61.0"
172.20.0.1 - - [17/May/2018:15:38:39 +0000] "GET /css/bs4.css HTTP/1.1" 200 429 "http://localhost:8081/logging/analog.php" "Mozilla/5.0 (Windows NT 10.0; Win64; x64; rv:61.0) Gecko/20100101 Firefox/61.0"
172.20.0.1 - - [17/May/2018:15:38:39 +0000] "GET /css/debugbar.css HTTP/1.1" 200 2989 "http://localhost:8081/logging/analog.php" "Mozilla/5.0 (Windows NT 10.0; Win64; x64; rv:61.0) Gecko/20100101 Firefox/61.0"
172.20.0.1 - - [17/May/2018:15:38:39 +0000] "GET /css/widgets.css HTTP/1.1" 200 1732 "http://localhost:8081/logging/analog.php" "Mozilla/5.0 (Windows NT 10.0; Win64; x64; rv:61.0) Gecko/20100101 Firefox/61.0"
172.20.0.1 - - [17/May/2018:15:38:39 +0000] "GET /css/openhandler.css HTTP/1.1" 200 4756 "http://localhost:8081/logging/analog.php" "Mozilla/5.0 (Windows NT 10.0; Win64; x64; rv:61.0) Gecko/20100101 Firefox/61.0"
172.20.0.1 - - [17/May/2018:15:38:39 +0000] "GET /css/vendor/highlightjs/styles/github.css HTTP/1.1" 200 1004 "http://localhost:8081/logging/analog.php" "Mozilla/5.0 (Windows NT 10.0; Win64; x64; rv:61.0) Gecko/20100101 Firefox/61.0"
172.20.0.1 - - [17/May/2018:15:41:02 +0000] "GET /logging/analog.php HTTP/1.1" 200 6214 "http://localhost:8081/logging/monolog.php" "Mozilla/5.0 (Windows NT 10.0; Win64; x64; rv:61.0) Gecko/20100101 Firefox/61.0"
172.20.0.1 - - [17/May/2018:15:41:03 +0000] "GET /css/openhandler.css HTTP/1.1" 200 4756 "http://localhost:8081/logging/analog.php" "Mozilla/5.0 (Windows NT 10.0; Win64; x64; rv:61.0) Gecko/20100101 Firefox/61.0"
172.20.0.1 - - [17/May/2018:15:41:03 +0000] "GET /css/bs4.css HTTP/1.1" 200 430 "http://localhost:8081/logging/analog.php" "Mozilla/5.0 (Windows NT 10.0; Win64; x64; rv:61.0) Gecko/20100101 Firefox/61.0"
172.20.0.1 - - [17/May/2018:15:41:03 +0000] "GET /css/debugbar.js HTTP/1.1" 200 8052 "http://localhost:8081/logging/analog.php" "Mozilla/5.0 (Windows NT 10.0; Win64; x64; rv:61.0) Gecko/20100101 Firefox/61.0"
172.20.0.1 - - [17/May/2018:15:41:03 +0000] "GET /css/widgets.css HTTP/1.1" 200 1732 "http://localhost:8081/logging/analog.php" "Mozilla/5.0 (Windows NT 10.0; Win64; x64; rv:61.0) Gecko/20100101 Firefox/61.0"
172.20.0.1 - - [17/May/2018:15:41:03 +0000] "GET /css/debugbar.css HTTP/1.1" 200 2989 "http://localhost:8081/logging/analog.php" "Mozilla/5.0 (Windows NT 10.0; Win64; x64; rv:61.0) Gecko/20100101 Firefox/61.0"
172.20.0.1 - - [17/May/2018:15:41:03 +0000] "GET /css/openhandler.js HTTP/1.1" 200 1934 "http://localhost:8081/logging/analog.php" "Mozilla/5.0 (Windows NT 10.0; Win64; x64; rv:61.0) Gecko/20100101 Firefox/61.0"
172.20.0.1 - - [17/May/2018:15:41:03 +0000] "GET /css/widgets.js HTTP/1.1" 200 4325 "http://localhost:8081/logging/analog.php" "Mozilla/5.0 (Windows NT 10.0; Win64; x64; rv:61.0) Gecko/20100101 Firefox/61.0"
172.20.0.1 - - [17/May/2018:15:41:03 +0000] "GET /css/vendor/highlightjs/styles/github.css HTTP/1.1" 200 1003 "http://localhost:8081/logging/analog.php" "Mozilla/5.0 (Windows NT 10.0; Win64; x64; rv:61.0) Gecko/20100101 Firefox/61.0"
127.0.0.1 - - [17/May/2018:15:41:09 +0000] "OPTIONS * HTTP/1.0" 200 126 "-" "Apache/2.4.25 (Debian) PHP/7.2.4 (internal dummy connection)"
172.20.0.1 - - [17/May/2018:15:49:24 +0000] "GET /logging/analog.php HTTP/1.1" 200 4756 "http://localhost:8081/logging/monolog.php" "Mozilla/5.0 (Windows NT 10.0; Win64; x64; rv:61.0) Gecko/20100101 Firefox/61.0"
172.20.0.1 - - [17/May/2018:15:49:25 +0000] "GET /css/widgets.css HTTP/1.1" 200 1732 "http://localhost:8081/logging/analog.php" "Mozilla/5.0 (Windows NT 10.0; Win64; x64; rv:61.0) Gecko/20100101 Firefox/61.0"
172.20.0.1 - - [17/May/2018:15:49:25 +0000] "GET /css/bs4.css HTTP/1.1" 200 429 "http://localhost:8081/logging/analog.php" "Mozilla/5.0 (Windows NT 10.0; Win64; x64; rv:61.0) Gecko/20100101 Firefox/61.0"
172.20.0.1 - - [17/May/2018:15:49:25 +0000] "GET /css/debugbar.js HTTP/1.1" 200 8052 "http://localhost:8081/logging/analog.php" "Mozilla/5.0 (Windows NT 10.0; Win64; x64; rv:61.0) Gecko/20100101 Firefox/61.0"
172.20.0.1 - - [17/May/2018:15:49:25 +0000] "GET /css/openhandler.css HTTP/1.1" 200 4756 "http://localhost:8081/logging/analog.php" "Mozilla/5.0 (Windows NT 10.0; Win64; x64; rv:61.0) Gecko/20100101 Firefox/61.0"
172.20.0.1 - - [17/May/2018:15:49:25 +0000] "GET /css/debugbar.css HTTP/1.1" 200 2989 "http://localhost:8081/logging/analog.php" "Mozilla/5.0 (Windows NT 10.0; Win64; x64; rv:61.0) Gecko/20100101 Firefox/61.0"
172.20.0.1 - - [17/May/2018:15:49:25 +0000] "GET /css/openhandler.js HTTP/1.1" 200 1934 "http://localhost:8081/logging/analog.php" "Mozilla/5.0 (Windows NT 10.0; Win64; x64; rv:61.0) Gecko/20100101 Firefox/61.0"
172.20.0.1 - - [17/May/2018:15:49:25 +0000] "GET /css/widgets.js HTTP/1.1" 200 4325 "http://localhost:8081/logging/analog.php" "Mozilla/5.0 (Windows NT 10.0; Win64; x64; rv:61.0) Gecko/20100101 Firefox/61.0"
172.20.0.1 - - [17/May/2018:15:49:25 +0000] "GET /css/vendor/highlightjs/styles/github.css HTTP/1.1" 200 1004 "http://localhost:8081/logging/analog.php" "Mozilla/5.0 (Windows NT 10.0; Win64; x64; rv:61.0) Gecko/20100101 Firefox/61.0"
127.0.0.1 - - [17/May/2018:15:49:30 +0000] "OPTIONS * HTTP/1.0" 200 126 "-" "Apache/2.4.25 (Debian) PHP/7.2.4 (internal dummy connection)"
172.20.0.1 - - [17/May/2018:15:51:21 +0000] "GET /logging/monolog.php HTTP/1.1" 200 4754 "-" "Mozilla/5.0 (Windows NT 10.0; Win64; x64; rv:61.0) Gecko/20100101 Firefox/61.0"
172.20.0.1 - - [17/May/2018:15:51:21 +0000] "GET /css/bs4.css HTTP/1.1" 200 429 "http://localhost:8081/logging/monolog.php" "Mozilla/5.0 (Windows NT 10.0; Win64; x64; rv:61.0) Gecko/20100101 Firefox/61.0"
172.20.0.1 - - [17/May/2018:15:51:21 +0000] "GET /css/openhandler.css HTTP/1.1" 200 4756 "http://localhost:8081/logging/monolog.php" "Mozilla/5.0 (Windows NT 10.0; Win64; x64; rv:61.0) Gecko/20100101 Firefox/61.0"
172.20.0.1 - - [17/May/2018:15:51:21 +0000] "GET /css/widgets.css HTTP/1.1" 200 1732 "http://localhost:8081/logging/monolog.php" "Mozilla/5.0 (Windows NT 10.0; Win64; x64; rv:61.0) Gecko/20100101 Firefox/61.0"
172.20.0.1 - - [17/May/2018:15:51:21 +0000] "GET /css/debugbar.css HTTP/1.1" 200 2989 "http://localhost:8081/logging/monolog.php" "Mozilla/5.0 (Windows NT 10.0; Win64; x64; rv:61.0) Gecko/20100101 Firefox/61.0"
172.20.0.1 - - [17/May/2018:15:51:21 +0000] "GET /css/debugbar.js HTTP/1.1" 200 8052 "http://localhost:8081/logging/monolog.php" "Mozilla/5.0 (Windows NT 10.0; Win64; x64; rv:61.0) Gecko/20100101 Firefox/61.0"
172.20.0.1 - - [17/May/2018:15:51:21 +0000] "GET /css/openhandler.js HTTP/1.1" 200 1934 "http://localhost:8081/logging/monolog.php" "Mozilla/5.0 (Windows NT 10.0; Win64; x64; rv:61.0) Gecko/20100101 Firefox/61.0"
172.20.0.1 - - [17/May/2018:15:51:21 +0000] "GET /css/widgets.js HTTP/1.1" 200 4325 "http://localhost:8081/logging/monolog.php" "Mozilla/5.0 (Windows NT 10.0; Win64; x64; rv:61.0) Gecko/20100101 Firefox/61.0"
172.20.0.1 - - [17/May/2018:15:51:21 +0000] "GET /css/vendor/highlightjs/styles/github.css HTTP/1.1" 200 1004 "http://localhost:8081/logging/monolog.php" "Mozilla/5.0 (Windows NT 10.0; Win64; x64; rv:61.0) Gecko/20100101 Firefox/61.0"
127.0.0.1 - - [17/May/2018:15:51:26 +0000] "OPTIONS * HTTP/1.0" 200 126 "-" "Apache/2.4.25 (Debian) PHP/7.2.4 (internal dummy connection)"
172.20.0.1 - - [17/May/2018:15:52:00 +0000] "GET /logging/analog.php HTTP/1.1" 200 4923 "http://localhost:8081/logging/monolog.php" "Mozilla/5.0 (Windows NT 10.0; Win64; x64; rv:61.0) Gecko/20100101 Firefox/61.0"
172.20.0.1 - - [17/May/2018:15:52:01 +0000] "GET /css/bs4.css HTTP/1.1" 200 430 "http://localhost:8081/logging/analog.php" "Mozilla/5.0 (Windows NT 10.0; Win64; x64; rv:61.0) Gecko/20100101 Firefox/61.0"
172.20.0.1 - - [17/May/2018:15:52:01 +0000] "GET /css/debugbar.css HTTP/1.1" 200 2989 "http://localhost:8081/logging/analog.php" "Mozilla/5.0 (Windows NT 10.0; Win64; x64; rv:61.0) Gecko/20100101 Firefox/61.0"
172.20.0.1 - - [17/May/2018:15:52:01 +0000] "GET /css/widgets.css HTTP/1.1" 200 1732 "http://localhost:8081/logging/analog.php" "Mozilla/5.0 (Windows NT 10.0; Win64; x64; rv:61.0) Gecko/20100101 Firefox/61.0"
172.20.0.1 - - [17/May/2018:15:52:01 +0000] "GET /css/openhandler.css HTTP/1.1" 200 4756 "http://localhost:8081/logging/analog.php" "Mozilla/5.0 (Windows NT 10.0; Win64; x64; rv:61.0) Gecko/20100101 Firefox/61.0"
172.20.0.1 - - [17/May/2018:15:52:01 +0000] "GET /css/debugbar.js HTTP/1.1" 200 8052 "http://localhost:8081/logging/analog.php" "Mozilla/5.0 (Windows NT 10.0; Win64; x64; rv:61.0) Gecko/20100101 Firefox/61.0"
172.20.0.1 - - [17/May/2018:15:52:01 +0000] "GET /css/widgets.js HTTP/1.1" 200 4325 "http://localhost:8081/logging/analog.php" "Mozilla/5.0 (Windows NT 10.0; Win64; x64; rv:61.0) Gecko/20100101 Firefox/61.0"
172.20.0.1 - - [17/May/2018:15:52:01 +0000] "GET /css/openhandler.js HTTP/1.1" 200 1934 "http://localhost:8081/logging/analog.php" "Mozilla/5.0 (Windows NT 10.0; Win64; x64; rv:61.0) Gecko/20100101 Firefox/61.0"
172.20.0.1 - - [17/May/2018:15:52:01 +0000] "GET /css/vendor/highlightjs/styles/github.css HTTP/1.1" 200 1003 "http://localhost:8081/logging/analog.php" "Mozilla/5.0 (Windows NT 10.0; Win64; x64; rv:61.0) Gecko/20100101 Firefox/61.0"
